Archive member included to satisfy reference by file (symbol)

C:/Program Files/SEGGER/SEGGER Embedded Studio for ARM 5.68/lib/libc_v7em_fpv4_sp_d16_hard_t_le_eabi.a(libc2.o)
                              Output/Release/Obj/i2s_pca10056/nrf_log_str_formatter.o (isprint)
C:/Program Files/SEGGER/SEGGER Embedded Studio for ARM 5.68/lib/libc_v7em_fpv4_sp_d16_hard_t_le_eabi.a(libc2_asm.o)
                              Output/Release/Obj/i2s_pca10056/nrf_log_frontend.o (memcpy)
C:/Program Files/SEGGER/SEGGER Embedded Studio for ARM 5.68/lib/libc_v7em_fpv4_sp_d16_hard_t_le_eabi.a(libvfprintf.o)
                              (__vfprintf_long)
C:/Program Files/SEGGER/SEGGER Embedded Studio for ARM 5.68/lib/libc_v7em_fpv4_sp_d16_hard_t_le_eabi.a(libvfscanf.o)
                              (__vfscanf_long)
C:/Program Files/SEGGER/SEGGER Embedded Studio for ARM 5.68/lib/libc_v7em_fpv4_sp_d16_hard_t_le_eabi.a(libc.o)
                              C:/Program Files/SEGGER/SEGGER Embedded Studio for ARM 5.68/lib/libc_v7em_fpv4_sp_d16_hard_t_le_eabi.a(libc2.o) (__heap_lock)
C:/Program Files/SEGGER/SEGGER Embedded Studio for ARM 5.68/lib/libc_v7em_fpv4_sp_d16_hard_t_le_eabi.a(libc_asm.o)
                              C:/Program Files/SEGGER/SEGGER Embedded Studio for ARM 5.68/lib/libc_v7em_fpv4_sp_d16_hard_t_le_eabi.a(libc2.o) (__aeabi_uldivmod)
C:/Program Files/SEGGER/SEGGER Embedded Studio for ARM 5.68/lib/libdebugio_v7em_fpv4_sp_d16_hard_t_le_eabi.a(libdebugio.o)
                              Output/Release/Obj/i2s_pca10056/thumb_crt0.o (debug_fopen)
C:/Program Files/SEGGER/SEGGER Embedded Studio for ARM 5.68/lib/libdebugio_v7em_fpv4_sp_d16_hard_t_le_eabi.a(do_nv_debug_operation.o)
                              C:/Program Files/SEGGER/SEGGER Embedded Studio for ARM 5.68/lib/libdebugio_v7em_fpv4_sp_d16_hard_t_le_eabi.a(libdebugio.o) (__do_nvdebug_operation)
C:/Program Files/SEGGER/SEGGER Embedded Studio for ARM 5.68/lib/libdebugio_v7em_fpv4_sp_d16_hard_t_le_eabi.a(mempoll_debug_operations.o)
                              (__do_debug_operation_mempoll)
C:/Program Files/SEGGER/SEGGER Embedded Studio for ARM 5.68/lib/libm_v7em_fpv4_sp_d16_hard_t_le_eabi.a(libm_asm.o)
                              C:/Program Files/SEGGER/SEGGER Embedded Studio for ARM 5.68/lib/libc_v7em_fpv4_sp_d16_hard_t_le_eabi.a(libc2.o) (__aeabi_dadd)
C:/Program Files/SEGGER/SEGGER Embedded Studio for ARM 5.68/lib/libm_v7em_fpv4_sp_d16_hard_t_le_eabi.a(libm2.o)
                              C:/Program Files/SEGGER/SEGGER Embedded Studio for ARM 5.68/lib/libc_v7em_fpv4_sp_d16_hard_t_le_eabi.a(libvfprintf.o) (frexp)

Discarded input sections

 .text          0x0000000000000000        0x0 Output/Release/Obj/i2s_pca10056/thumb_crt0.o
 .data          0x0000000000000000        0x0 Output/Release/Obj/i2s_pca10056/thumb_crt0.o
 .bss           0x0000000000000000        0x0 Output/Release/Obj/i2s_pca10056/thumb_crt0.o
 .text.__aeabi_read_tp
                0x0000000000000000        0x8 Output/Release/Obj/i2s_pca10056/thumb_crt0.o
 .text.abort    0x0000000000000000        0x2 Output/Release/Obj/i2s_pca10056/thumb_crt0.o
 .text.__assert
                0x0000000000000000        0x2 Output/Release/Obj/i2s_pca10056/thumb_crt0.o
 .text.__assert_func
                0x0000000000000000        0x2 Output/Release/Obj/i2s_pca10056/thumb_crt0.o
 .text.__aeabi_assert
                0x0000000000000000        0x2 Output/Release/Obj/i2s_pca10056/thumb_crt0.o
 .text.__sync_synchronize
                0x0000000000000000        0x2 Output/Release/Obj/i2s_pca10056/thumb_crt0.o
 .text.__getchar
                0x0000000000000000        0x4 Output/Release/Obj/i2s_pca10056/thumb_crt0.o
 .text.__putchar
                0x0000000000000000        0x4 Output/Release/Obj/i2s_pca10056/thumb_crt0.o
 .text.__open   0x0000000000000000        0x4 Output/Release/Obj/i2s_pca10056/thumb_crt0.o
 .text.__close  0x0000000000000000        0x4 Output/Release/Obj/i2s_pca10056/thumb_crt0.o
 .text.__write  0x0000000000000000        0xa Output/Release/Obj/i2s_pca10056/thumb_crt0.o
 .text.__read   0x0000000000000000        0xa Output/Release/Obj/i2s_pca10056/thumb_crt0.o
 .text.__seek   0x0000000000000000       0x1a Output/Release/Obj/i2s_pca10056/thumb_crt0.o
 .text.remove   0x0000000000000000        0x4 Output/Release/Obj/i2s_pca10056/thumb_crt0.o
 .text.rename   0x0000000000000000        0x4 Output/Release/Obj/i2s_pca10056/thumb_crt0.o
 .bss.__user_locale_name_buffer
                0x0000000000000000        0x4 Output/Release/Obj/i2s_pca10056/thumb_crt0.o
 .stack         0x0000000000000000        0x0 Output/Release/Obj/i2s_pca10056/thumb_crt0.o
 .stack_process
                0x0000000000000000        0x0 Output/Release/Obj/i2s_pca10056/thumb_crt0.o
 .heap          0x0000000000000000        0x0 Output/Release/Obj/i2s_pca10056/thumb_crt0.o
 .group         0x0000000000000000        0xc Output/Release/Obj/i2s_pca10056/nrf_log_backend_rtt.o
[...]
Memory Configuration

Name             Origin             Length             Attributes
UNPLACED_SECTIONS 0x0000000100000000 0x0000000000000000 xw
RAM1             0x0000000020000000 0x0000000000040000 xw
FLASH1           0x0000000000000000 0x0000000000100000 xw
*default*        0x0000000000000000 0xffffffffffffffff

Linker script and memory map

                0x0000000000000000                __do_debug_operation = __do_debug_operation_mempoll
                0x0000000000000000                __vfprintf = __vfprintf_long
                0x0000000000000000                __vfscanf = __vfscanf_long
                0x0000000020000000                __RAM1_segment_start__ = 0x20000000
                0x0000000020040000                __RAM1_segment_end__ = 0x20040000
                0x0000000000040000                __RAM1_segment_size__ = 0x40000
                0x0000000000000000                __FLASH1_segment_start__ = 0x0
                0x0000000000100000                __FLASH1_segment_end__ = 0x100000
                0x0000000000100000                __FLASH1_segment_size__ = 0x100000
                0x0000000000002000                __HEAPSIZE__ = 0x2000
                0x0000000000000000                __STACKSIZE_PROCESS__ = 0x0
                0x0000000000002000                __STACKSIZE__ = 0x2000
                0x0000000020000000                __vectors_ram_load_start__ = 0x20000000

.vectors_ram    0x0000000020000000        0x0
                0x0000000020000000                __vectors_ram_start__ = .
                0x0000000020000000                __app_ram_start__ = __vectors_ram_start__
 *(.vectors_ram .vectors_ram.*)
                0x0000000020000000                __vectors_ram_end__ = (__vectors_ram_start__ + SIZEOF (.vectors_ram))
                0x0000000000000000                __vectors_ram_size__ = SIZEOF (.vectors_ram)
                0x0000000020000000                __vectors_ram_load_end__ = __vectors_ram_end__
                0x0000000000000001                . = ASSERT (((__vectors_ram_start__ == __vectors_ram_end__) || ((__vectors_ram_end__ - __RAM1_segment_start__) <= __RAM1_segment_size__)), error: .vectors_ram is too large to fit in RAM1 memory segment)
                0x0000000020000000                __nrf_sections_run_load_start__ = ALIGN (__vectors_ram_end__, 0x4)

.nrf_sections_run
                0x0000000020000000        0x0
                0x0000000020000000                __nrf_sections_run_start__ = .
                0x0000000020000000                __start_nrf_sections_run = __nrf_sections_run_start__
 *(.nrf_sections_run .nrf_sections_run.*)
                0x0000000020000000                __nrf_sections_run_end__ = (__nrf_sections_run_start__ + SIZEOF (.nrf_sections_run))
                0x0000000000000000                __nrf_sections_run_size__ = SIZEOF (.nrf_sections_run)
                0x0000000020000000                __nrf_sections_run_load_end__ = __nrf_sections_run_end__
                0x0000000000000001                . = ASSERT (((__nrf_sections_run_start__ == __nrf_sections_run_end__) || ((__nrf_sections_run_end__ - __RAM1_segment_start__) <= __RAM1_segment_size__)), error: .nrf_sections_run is too large to fit in RAM1 memory segment)
                0x0000000000000000                __vectors_load_start__ = 0x0

.vectors        0x0000000000000000      0x200
                0x0000000000000000                __vectors_start__ = .
 *(.vectors .vectors.*)
 .vectors       0x0000000000000000      0x200 Output/Release/Obj/i2s_pca10056/ses_startup_nrf52840.o
                0x0000000000000000                _vectors
                0x0000000000000200                __vectors_end__ = (__vectors_start__ + SIZEOF (.vectors))
                0x0000000000000200                __vectors_size__ = SIZEOF (.vectors)
                0x0000000000000200                __vectors_load_end__ = __vectors_end__
                0x0000000000000001                . = ASSERT (((__vectors_start__ == __vectors_end__) || ((__vectors_end__ - __FLASH1_segment_start__) <= __FLASH1_segment_size__)), error: .vectors is too large to fit in FLASH1 memory segment)
                0x0000000000000200                __init_load_start__ = ALIGN (__vectors_end__, 0x4)

.init           0x0000000000000200      0x1d0
                0x0000000000000200                __init_start__ = .
 *(.init .init.*)
 .init          0x0000000000000200      0x15c Output/Release/Obj/i2s_pca10056/thumb_crt0.o
                0x0000000000000200                _start
                0x00000000000002b4                exit
 .init          0x000000000000035c       0x18 Output/Release/Obj/i2s_pca10056/ses_startup_nrf52840.o
                0x000000000000035c                NMI_Handler
                0x000000000000035e                HardFault_Handler
                0x0000000000000360                MemoryManagement_Handler
                0x0000000000000362                BusFault_Handler
                0x0000000000000364                UsageFault_Handler
                0x0000000000000366                SVC_Handler
                0x0000000000000368                DebugMon_Handler
                0x000000000000036a                PendSV_Handler
                0x000000000000036c                SysTick_Handler
                0x000000000000036e                PWM1_IRQHandler
                0x000000000000036e                GPIOTE_IRQHandler
                0x000000000000036e                RTC0_IRQHandler
                0x000000000000036e                POWER_CLOCK_IRQHandler
                0x000000000000036e                RADIO_IRQHandler
                0x000000000000036e                SWI2_EGU2_IRQHandler
                0x000000000000036e                TEMP_IRQHandler
                0x000000000000036e                QDEC_IRQHandler
                0x000000000000036e                TIMER3_IRQHandler
                0x000000000000036e                PWM3_IRQHandler
                0x000000000000036e                FPU_IRQHandler
                0x000000000000036e                USBD_IRQHandler
                0x000000000000036e                SPIM0_SPIS0_TWIM0_TWIS0_SPI0_TWI0_IRQHandler
                0x000000000000036e                QSPI_IRQHandler
                0x000000000000036e                TIMER4_IRQHandler
                0x000000000000036e                PDM_IRQHandler
                0x000000000000036e                SWI4_EGU4_IRQHandler
                0x000000000000036e                TIMER0_IRQHandler
                0x000000000000036e                UARTE1_IRQHandler
                0x000000000000036e                Dummy_Handler
                0x000000000000036e                TIMER1_IRQHandler
                0x000000000000036e                SPIM3_IRQHandler
                0x000000000000036e                PWM2_IRQHandler
                0x000000000000036e                ECB_IRQHandler
                0x000000000000036e                SPIM1_SPIS1_TWIM1_TWIS1_SPI1_TWI1_IRQHandler
                0x000000000000036e                SAADC_IRQHandler
                0x000000000000036e                CCM_AAR_IRQHandler
                0x000000000000036e                WDT_IRQHandler
                0x000000000000036e                SWI0_EGU0_IRQHandler
                0x000000000000036e                SWI5_EGU5_IRQHandler
                0x000000000000036e                RNG_IRQHandler
                0x000000000000036e                RTC2_IRQHandler
                0x000000000000036e                PWM0_IRQHandler
                0x000000000000036e                SWI3_EGU3_IRQHandler
                0x000000000000036e                RTC1_IRQHandler
                0x000000000000036e                SWI1_EGU1_IRQHandler
                0x000000000000036e                SPIM2_SPIS2_SPI2_IRQHandler
                0x000000000000036e                NFCT_IRQHandler
                0x000000000000036e                CRYPTOCELL_IRQHandler
                0x000000000000036e                MWU_IRQHandler
                0x000000000000036e                TIMER2_IRQHandler
                0x000000000000036e                COMP_LPCOMP_IRQHandler
                0x0000000000000370                nRFInitialize
 .init          0x0000000000000374       0x5c Output/Release/Obj/i2s_pca10056/ses_startup_nrf_common.o
                0x0000000000000374                Reset_Handler
                0x0000000000000378                afterInitialize
                0x000000000000039c                InitializeUserMemorySections
                0x00000000000003d0                __init_end__ = (__init_start__ + SIZEOF (.init))
                0x00000000000001d0                __init_size__ = SIZEOF (.init)
                0x00000000000003d0                __init_load_end__ = __init_end__
                0x0000000000000001                . = ASSERT (((__init_start__ == __init_end__) || ((__init_end__ - __FLASH1_segment_start__) <= __FLASH1_segment_size__)), error: .init is too large to fit in FLASH1 memory segment)
                0x00000000000003d0                __init_rodata_load_start__ = ALIGN (__init_end__, 0x4)

.init_rodata    0x00000000000003d0        0x0
                0x00000000000003d0                __init_rodata_start__ = .
 *(.init_rodata .init_rodata.*)
                0x00000000000003d0                __init_rodata_end__ = (__init_rodata_start__ + SIZEOF (.init_rodata))
                0x0000000000000000                __init_rodata_size__ = SIZEOF (.init_rodata)
                0x00000000000003d0                __init_rodata_load_end__ = __init_rodata_end__
                0x0000000000000001                . = ASSERT (((__init_rodata_start__ == __init_rodata_end__) || ((__init_rodata_end__ - __FLASH1_segment_start__) <= __FLASH1_segment_size__)), error: .init_rodata is too large to fit in FLASH1 memory segment)
                0x00000000000003d0                __text_load_start__ = ALIGN (__init_rodata_end__, 0x4)

.text           0x00000000000003d0     0x2a5c
                0x00000000000003d0                __text_start__ = .
 *(.text .text.* .glue_7t .glue_7 .gnu.linkonce.t.* .gcc_except_table .ARM.extab* .gnu.linkonce.armextab.*)
 .glue_7        0x00000000000003d0        0x0 linker stubs
 .glue_7t       0x00000000000003d0        0x0 linker stubs
 .text.nrf_log_backend_serial_put
                0x00000000000003d0       0xc2 Output/Release/Obj/i2s_pca10056/nrf_log_backend_serial.o
                0x00000000000003d0                nrf_log_backend_serial_put
 *fill*         0x0000000000000492        0x2 
 .text.uart_evt_handler
                0x0000000000000494        0xc Output/Release/Obj/i2s_pca10056/nrf_log_backend_uart.o
 .text.nrf_log_backend_uart_flush
                0x00000000000004a0        0x2 Output/Release/Obj/i2s_pca10056/nrf_log_backend_uart.o
 *fill*         0x00000000000004a2        0x2 
 .text.uart_init
                0x00000000000004a4       0x4c Output/Release/Obj/i2s_pca10056/nrf_log_backend_uart.o
 .text.nrf_log_backend_uart_put
                0x00000000000004f0       0x1c Output/Release/Obj/i2s_pca10056/nrf_log_backend_uart.o
 .text.serial_tx
                0x000000000000050c       0x48 Output/Release/Obj/i2s_pca10056/nrf_log_backend_uart.o
 .text.nrf_log_backend_uart_panic_set
                0x0000000000000554       0x2c Output/Release/Obj/i2s_pca10056/nrf_log_backend_uart.o
 .text.invalid_packets_omit
                0x0000000000000580       0x3a Output/Release/Obj/i2s_pca10056/nrf_log_frontend.o
 *fill*         0x00000000000005ba        0x2 
 .text.buf_prealloc
                0x00000000000005bc      0x11c Output/Release/Obj/i2s_pca10056/nrf_log_frontend.o
 .text.nrf_log_module_name_get
                0x00000000000006d8       0x38 Output/Release/Obj/i2s_pca10056/nrf_log_frontend.o
                0x00000000000006d8                nrf_log_module_name_get
 .text.nrf_log_color_id_get
                0x0000000000000710       0x2c Output/Release/Obj/i2s_pca10056/nrf_log_frontend.o
                0x0000000000000710                nrf_log_color_id_get
 .text.log_pending_hook
                0x000000000000073c        0x2 Output/Release/Obj/i2s_pca10056/nrf_log_frontend.o
                0x000000000000073c                log_pending_hook
 *fill*         0x000000000000073e        0x2 
 .text.buffer_is_empty
                0x0000000000000740       0x14 Output/Release/Obj/i2s_pca10056/nrf_log_frontend.o
                0x0000000000000740                buffer_is_empty
 .text.nrf_log_frontend_dequeue
                0x0000000000000754      0x200 Output/Release/Obj/i2s_pca10056/nrf_log_frontend.o
                0x0000000000000754                nrf_log_frontend_dequeue
 .text.std_n    0x0000000000000954       0x90 Output/Release/Obj/i2s_pca10056/nrf_log_frontend.o
 .text.nrf_log_frontend_std_0
                0x00000000000009e4        0x8 Output/Release/Obj/i2s_pca10056/nrf_log_frontend.o
                0x00000000000009e4                nrf_log_frontend_std_0
 .text.nrf_log_panic
                0x00000000000009ec       0x28 Output/Release/Obj/i2s_pca10056/nrf_log_frontend.o
                0x00000000000009ec                nrf_log_panic
 .text.prefix_process
                0x0000000000000a14       0x7c Output/Release/Obj/i2s_pca10056/nrf_log_str_formatter.o
 .text.postfix_process
                0x0000000000000a90       0x44 Output/Release/Obj/i2s_pca10056/nrf_log_str_formatter.o
 .text.nrf_log_std_entry_process
                0x0000000000000ad4       0xc8 Output/Release/Obj/i2s_pca10056/nrf_log_str_formatter.o
                0x0000000000000ad4                nrf_log_std_entry_process
 .text.nrf_log_hexdump_entry_process
                0x0000000000000b9c       0xc0 Output/Release/Obj/i2s_pca10056/nrf_log_str_formatter.o
                0x0000000000000b9c                nrf_log_hexdump_entry_process
 .text.app_error_handler_bare
                0x0000000000000c5c       0x1a Output/Release/Obj/i2s_pca10056/app_error.o
                0x0000000000000c5c                app_error_handler_bare
 *fill*         0x0000000000000c76        0x2 
 .text.app_error_fault_handler
                0x0000000000000c78       0x6c Output/Release/Obj/i2s_pca10056/app_error_weak.o
                0x0000000000000c78                app_error_fault_handler
 .text.app_util_disable_irq
                0x0000000000000ce4       0x10 Output/Release/Obj/i2s_pca10056/app_util_platform.o
                0x0000000000000ce4                app_util_disable_irq
 .text.app_util_enable_irq
                0x0000000000000cf4       0x14 Output/Release/Obj/i2s_pca10056/app_util_platform.o
                0x0000000000000cf4                app_util_enable_irq
 .text.app_util_critical_region_enter
                0x0000000000000d08        0x4 Output/Release/Obj/i2s_pca10056/app_util_platform.o
                0x0000000000000d08                app_util_critical_region_enter
 .text.app_util_critical_region_exit
                0x0000000000000d0c        0x4 Output/Release/Obj/i2s_pca10056/app_util_platform.o
                0x0000000000000d0c                app_util_critical_region_exit
 .text.nrf_atomic_u32_fetch_store
                0x0000000000000d10       0x16 Output/Release/Obj/i2s_pca10056/nrf_atomic.o
                0x0000000000000d10                nrf_atomic_u32_fetch_store
 .text.nrf_atomic_u32_or
                0x0000000000000d26       0x18 Output/Release/Obj/i2s_pca10056/nrf_atomic.o
                0x0000000000000d26                nrf_atomic_u32_or
 .text.nrf_atomic_u32_fetch_and
                0x0000000000000d3e       0x18 Output/Release/Obj/i2s_pca10056/nrf_atomic.o
                0x0000000000000d3e                nrf_atomic_u32_fetch_and
 .text.nrf_atomic_u32_add
                0x0000000000000d56       0x18 Output/Release/Obj/i2s_pca10056/nrf_atomic.o
                0x0000000000000d56                nrf_atomic_u32_add
 .text.nrf_atomic_u32_sub
                0x0000000000000d6e       0x18 Output/Release/Obj/i2s_pca10056/nrf_atomic.o
                0x0000000000000d6e                nrf_atomic_u32_sub
 .text.nrf_atomic_flag_set
                0x0000000000000d86        0x6 Output/Release/Obj/i2s_pca10056/nrf_atomic.o
                0x0000000000000d86                nrf_atomic_flag_set
 .text.nrf_atomic_flag_clear_fetch
                0x0000000000000d8c        0x6 Output/Release/Obj/i2s_pca10056/nrf_atomic.o
                0x0000000000000d8c                nrf_atomic_flag_clear_fetch
 .text.nrf_balloc_alloc
                0x0000000000000d92       0x40 Output/Release/Obj/i2s_pca10056/nrf_balloc.o
                0x0000000000000d92                nrf_balloc_alloc
 .text.nrf_balloc_free
                0x0000000000000dd2       0x2a Output/Release/Obj/i2s_pca10056/nrf_balloc.o
                0x0000000000000dd2                nrf_balloc_free
 .text.nrf_fprintf_buffer_flush
                0x0000000000000dfc       0x16 Output/Release/Obj/i2s_pca10056/nrf_fprintf.o
                0x0000000000000dfc                nrf_fprintf_buffer_flush
 .text.nrf_fprintf
                0x0000000000000e12       0x1c Output/Release/Obj/i2s_pca10056/nrf_fprintf.o
                0x0000000000000e12                nrf_fprintf
 .text.buffer_add
                0x0000000000000e2e       0x2e Output/Release/Obj/i2s_pca10056/nrf_fprintf_format.o
 .text.unsigned_print
                0x0000000000000e5c       0xb4 Output/Release/Obj/i2s_pca10056/nrf_fprintf_format.o
 .text.nrf_fprintf_fmt
                0x0000000000000f10      0x294 Output/Release/Obj/i2s_pca10056/nrf_fprintf_format.o
                0x0000000000000f10                nrf_fprintf_fmt
 .text.memobj_op
                0x00000000000011a4       0x86 Output/Release/Obj/i2s_pca10056/nrf_memobj.o
 .text.nrf_memobj_free
                0x000000000000122a       0x2c Output/Release/Obj/i2s_pca10056/nrf_memobj.o
                0x000000000000122a                nrf_memobj_free
 .text.nrf_memobj_alloc
                0x0000000000001256       0x5e Output/Release/Obj/i2s_pca10056/nrf_memobj.o
                0x0000000000001256                nrf_memobj_alloc
 .text.nrf_memobj_get
                0x00000000000012b4        0x8 Output/Release/Obj/i2s_pca10056/nrf_memobj.o
                0x00000000000012b4                nrf_memobj_get
 .text.nrf_memobj_put
                0x00000000000012bc       0x1c Output/Release/Obj/i2s_pca10056/nrf_memobj.o
                0x00000000000012bc                nrf_memobj_put
 .text.nrf_memobj_write
                0x00000000000012d8       0x14 Output/Release/Obj/i2s_pca10056/nrf_memobj.o
                0x00000000000012d8                nrf_memobj_write
 .text.nrf_memobj_read
                0x00000000000012ec       0x14 Output/Release/Obj/i2s_pca10056/nrf_memobj.o
                0x00000000000012ec                nrf_memobj_read
 .text.uarte_evt_handler
                0x0000000000001300       0x34 Output/Release/Obj/i2s_pca10056/nrf_drv_uart.o
 .text.uart_evt_handler
                0x0000000000001334       0x34 Output/Release/Obj/i2s_pca10056/nrf_drv_uart.o
 .text.nrf_drv_uart_init
                0x0000000000001368       0x7c Output/Release/Obj/i2s_pca10056/nrf_drv_uart.o
                0x0000000000001368                nrf_drv_uart_init
 .text.I2S_IRQHandler
                0x00000000000013e4      0x110 Output/Release/Obj/i2s_pca10056/nrfx_i2s.o
                0x00000000000013e4                I2S_IRQHandler
 .text.UARTE0_UART0_IRQHandler
                0x00000000000014f4        0xc Output/Release/Obj/i2s_pca10056/nrfx_prs.o
                0x00000000000014f4                UARTE0_UART0_IRQHandler
 .text.nrfx_prs_acquire
                0x0000000000001500       0x38 Output/Release/Obj/i2s_pca10056/nrfx_prs.o
                0x0000000000001500                nrfx_prs_acquire
 .text.nrfx_prs_release
                0x0000000000001538       0x18 Output/Release/Obj/i2s_pca10056/nrfx_prs.o
                0x0000000000001538                nrfx_prs_release
 .text.nrf_uart_event_clear
                0x0000000000001550       0x10 Output/Release/Obj/i2s_pca10056/nrfx_uart.o
 .text.tx_byte  0x0000000000001560       0x1e Output/Release/Obj/i2s_pca10056/nrfx_uart.o
 .text.rx_byte  0x000000000000157e       0x2c Output/Release/Obj/i2s_pca10056/nrfx_uart.o
 *fill*         0x00000000000015aa        0x2 
 .text.rx_done_event.constprop.0
                0x00000000000015ac       0x20 Output/Release/Obj/i2s_pca10056/nrfx_uart.o
 .text.nrfx_uart_0_irq_handler
                0x00000000000015cc      0x140 Output/Release/Obj/i2s_pca10056/nrfx_uart.o
                0x00000000000015cc                nrfx_uart_0_irq_handler
 .text.nrf_gpio_cfg_default
                0x000000000000170c       0x20 Output/Release/Obj/i2s_pca10056/nrfx_uart.o
 .text.nrfx_uart_init
                0x000000000000172c      0x1a0 Output/Release/Obj/i2s_pca10056/nrfx_uart.o
                0x000000000000172c                nrfx_uart_init
 .text.nrfx_uart_uninit
                0x00000000000018cc       0xb8 Output/Release/Obj/i2s_pca10056/nrfx_uart.o
                0x00000000000018cc                nrfx_uart_uninit
 .text.nrfx_uart_tx_in_progress
                0x0000000000001984       0x18 Output/Release/Obj/i2s_pca10056/nrfx_uart.o
                0x0000000000001984                nrfx_uart_tx_in_progress
 .text.nrfx_uart_tx
                0x000000000000199c       0xa0 Output/Release/Obj/i2s_pca10056/nrfx_uart.o
                0x000000000000199c                nrfx_uart_tx
 .text.nrf_uarte_event_clear
                0x0000000000001a3c       0x10 Output/Release/Obj/i2s_pca10056/nrfx_uarte.o
 .text.rx_done_event.constprop.0
                0x0000000000001a4c       0x20 Output/Release/Obj/i2s_pca10056/nrfx_uarte.o
 .text.nrfx_uarte_0_irq_handler
                0x0000000000001a6c      0x118 Output/Release/Obj/i2s_pca10056/nrfx_uarte.o
                0x0000000000001a6c                nrfx_uarte_0_irq_handler
 .text.nrf_gpio_cfg_default
                0x0000000000001b84       0x20 Output/Release/Obj/i2s_pca10056/nrfx_uarte.o
 .text.nrfx_uarte_init
                0x0000000000001ba4      0x1b8 Output/Release/Obj/i2s_pca10056/nrfx_uarte.o
                0x0000000000001ba4                nrfx_uarte_init
 .text.nrfx_uarte_uninit
                0x0000000000001d5c      0x108 Output/Release/Obj/i2s_pca10056/nrfx_uarte.o
                0x0000000000001d5c                nrfx_uarte_uninit
 .text.nrfx_uarte_tx_in_progress
                0x0000000000001e64       0x18 Output/Release/Obj/i2s_pca10056/nrfx_uarte.o
                0x0000000000001e64                nrfx_uarte_tx_in_progress
 .text.nrfx_uarte_tx
                0x0000000000001e7c       0x9c Output/Release/Obj/i2s_pca10056/nrfx_uarte.o
                0x0000000000001e7c                nrfx_uarte_tx
 .text.startup.main
                0x0000000000001f18      0xb20 Output/Release/Obj/i2s_pca10056/main.o
                0x0000000000001f18                main
 .text.nrf52_errata_36
                0x0000000000002a38       0x12 Output/Release/Obj/i2s_pca10056/system_nrf52840.o
 *fill*         0x0000000000002a4a        0x2 
 .text.nrf52_errata_98
                0x0000000000002a4c       0x24 Output/Release/Obj/i2s_pca10056/system_nrf52840.o
 .text.nvmc_wait
                0x0000000000002a70       0x10 Output/Release/Obj/i2s_pca10056/system_nrf52840.o
                0x0000000000002a70                nvmc_wait
 .text.SystemInit
                0x0000000000002a80      0x1e8 Output/Release/Obj/i2s_pca10056/system_nrf52840.o
                0x0000000000002a80                SystemInit
 .text.libc.__RAL_ascii_isctype
                0x0000000000002c68       0x1c C:/Program Files/SEGGER/SEGGER Embedded Studio for ARM 5.68/lib/libc_v7em_fpv4_sp_d16_hard_t_le_eabi.a(libc2.o)
 .text.libc.__RAL_ascii_toupper
                0x0000000000002c84        0xc C:/Program Files/SEGGER/SEGGER Embedded Studio for ARM 5.68/lib/libc_v7em_fpv4_sp_d16_hard_t_le_eabi.a(libc2.o)
 .text.libc.__RAL_ascii_tolower
                0x0000000000002c90        0xc C:/Program Files/SEGGER/SEGGER Embedded Studio for ARM 5.68/lib/libc_v7em_fpv4_sp_d16_hard_t_le_eabi.a(libc2.o)
 .text.libc.__RAL_ascii_wctomb
                0x0000000000002c9c       0x10 C:/Program Files/SEGGER/SEGGER Embedded Studio for ARM 5.68/lib/libc_v7em_fpv4_sp_d16_hard_t_le_eabi.a(libc2.o)
                0x0000000000002c9c                __RAL_ascii_wctomb
 .text.libc.__RAL_ascii_mbtowc
                0x0000000000002cac       0x24 C:/Program Files/SEGGER/SEGGER Embedded Studio for ARM 5.68/lib/libc_v7em_fpv4_sp_d16_hard_t_le_eabi.a(libc2.o)
                0x0000000000002cac                __RAL_ascii_mbtowc
 .text.libc.__RAL_ascii_towupper
                0x0000000000002cd0        0xc C:/Program Files/SEGGER/SEGGER Embedded Studio for ARM 5.68/lib/libc_v7em_fpv4_sp_d16_hard_t_le_eabi.a(libc2.o)
 .text.libc.__RAL_ascii_towlower
                0x0000000000002cdc        0xc C:/Program Files/SEGGER/SEGGER Embedded Studio for ARM 5.68/lib/libc_v7em_fpv4_sp_d16_hard_t_le_eabi.a(libc2.o)
 .text.libc.__RAL_ascii_iswctype
                0x0000000000002ce8       0x1c C:/Program Files/SEGGER/SEGGER Embedded Studio for ARM 5.68/lib/libc_v7em_fpv4_sp_d16_hard_t_le_eabi.a(libc2.o)
 .text.libc.isprint
                0x0000000000002d04       0x10 C:/Program Files/SEGGER/SEGGER Embedded Studio for ARM 5.68/lib/libc_v7em_fpv4_sp_d16_hard_t_le_eabi.a(libc2.o)
                0x0000000000002d04                isprint
 .text.libc.memcpy
                0x0000000000002d14       0x52 C:/Program Files/SEGGER/SEGGER Embedded Studio for ARM 5.68/lib/libc_v7em_fpv4_sp_d16_hard_t_le_eabi.a(libc2_asm.o)
                0x0000000000002d14                __aeabi_memcpy
                0x0000000000002d14                memcpy
                0x0000000000002d20                __aeabi_memcpy8
                0x0000000000002d20                __aeabi_memcpy4
 .text.libc.memset
                0x0000000000002d66       0x66 C:/Program Files/SEGGER/SEGGER Embedded Studio for ARM 5.68/lib/libc_v7em_fpv4_sp_d16_hard_t_le_eabi.a(libc2_asm.o)
                0x0000000000002d66                memset
 .text.libc.strlen
                0x0000000000002dcc       0x60 C:/Program Files/SEGGER/SEGGER Embedded Studio for ARM 5.68/lib/libc_v7em_fpv4_sp_d16_hard_t_le_eabi.a(libc2_asm.o)
                0x0000000000002dcc                strlen
                0x0000000000002e2c                . = ALIGN (MAX ((__text_start__ + 0x4), .), 0x4)
                0x0000000000002e2c                __text_end__ = (__text_start__ + SIZEOF (.text))
                0x0000000000002a5c                __text_size__ = SIZEOF (.text)
                0x0000000000002e2c                __text_load_end__ = __text_end__

.vfp11_veneer   0x0000000100000000        0x0
 .vfp11_veneer  0x0000000100000000        0x0 linker stubs

.v4_bx          0x0000000100000000        0x0
 .v4_bx         0x0000000100000000        0x0 linker stubs

.iplt           0x0000000100000000        0x0
 .iplt          0x0000000100000000        0x0 Output/Release/Obj/i2s_pca10056/thumb_crt0.o
                0x0000000000000001                . = ASSERT (((__text_start__ == __text_end__) || ((__text_end__ - __FLASH1_segment_start__) <= __FLASH1_segment_size__)), error: .text is too large to fit in FLASH1 memory segment)
                0x0000000000002e2c                __log_const_data_load_start__ = ALIGN (__text_end__, 0x4)

.log_const_data
                0x0000000000002e2c       0x28
                0x0000000000002e2c                __log_const_data_start__ = .
                0x0000000000002e2c                __start_log_const_data = __log_const_data_start__
 *(SORT_BY_NAME(.log_const_data*))
 .log_const_data_I2S
                0x0000000000002e2c        0x8 Output/Release/Obj/i2s_pca10056/nrfx_i2s.o
                0x0000000000002e2c                m_nrf_log_I2S_logs_data_const
 .log_const_data_PRS
                0x0000000000002e34        0x8 Output/Release/Obj/i2s_pca10056/nrfx_prs.o
                0x0000000000002e34                m_nrf_log_PRS_logs_data_const
 .log_const_data_UART
                0x0000000000002e3c        0x8 Output/Release/Obj/i2s_pca10056/nrfx_uart.o
                0x0000000000002e3c                m_nrf_log_UART_logs_data_const
 .log_const_data_UARTE
                0x0000000000002e44        0x8 Output/Release/Obj/i2s_pca10056/nrfx_uarte.o
                0x0000000000002e44                m_nrf_log_UARTE_logs_data_const
 .log_const_data_app
                0x0000000000002e4c        0x8 Output/Release/Obj/i2s_pca10056/nrf_log_frontend.o
                0x0000000000002e4c                m_nrf_log_app_logs_data_const
                0x0000000000002e54                __log_const_data_end__ = (__log_const_data_start__ + SIZEOF (.log_const_data))
                0x0000000000000028                __log_const_data_size__ = SIZEOF (.log_const_data)
                0x0000000000002e54                __stop_log_const_data = __log_const_data_end__
                0x0000000000002e54                __log_const_data_load_end__ = __log_const_data_end__
                0x0000000000000001                . = ASSERT (((__log_const_data_start__ == __log_const_data_end__) || ((__log_const_data_end__ - __FLASH1_segment_start__) <= __FLASH1_segment_size__)), error: .log_const_data is too large to fit in FLASH1 memory segment)
                0x0000000000002e54                __log_backends_load_start__ = ALIGN (__log_const_data_end__, 0x4)

.log_backends   0x0000000000002e54       0x10
                0x0000000000002e54                __log_backends_start__ = .
                0x0000000000002e54                __start_log_backends = __log_backends_start__
 *(SORT_BY_NAME(.log_backends*))
 .log_backends  0x0000000000002e54       0x10 Output/Release/Obj/i2s_pca10056/nrf_log_default_backends.o
                0x0000000000002e64                __log_backends_end__ = (__log_backends_start__ + SIZEOF (.log_backends))
                0x0000000000000010                __log_backends_size__ = SIZEOF (.log_backends)
                0x0000000000002e64                __stop_log_backends = __log_backends_end__
                0x0000000000002e64                __log_backends_load_end__ = __log_backends_end__
                0x0000000000000001                . = ASSERT (((__log_backends_start__ == __log_backends_end__) || ((__log_backends_end__ - __FLASH1_segment_start__) <= __FLASH1_segment_size__)), error: .log_backends is too large to fit in FLASH1 memory segment)
                0x0000000000002e64                __nrf_balloc_load_start__ = ALIGN (__log_backends_end__, 0x4)

.nrf_balloc     0x0000000000002e64       0x14
                0x0000000000002e64                __nrf_balloc_start__ = .
                0x0000000000002e64                __start_nrf_balloc = __nrf_balloc_start__
 *(.nrf_balloc*)
 .nrf_balloc    0x0000000000002e64       0x14 Output/Release/Obj/i2s_pca10056/nrf_log_frontend.o
                0x0000000000002e64                log_mempool
                0x0000000000002e78                __nrf_balloc_end__ = (__nrf_balloc_start__ + SIZEOF (.nrf_balloc))
                0x0000000000000014                __nrf_balloc_size__ = SIZEOF (.nrf_balloc)
                0x0000000000002e78                __stop_nrf_balloc = __nrf_balloc_end__
                0x0000000000002e78                __nrf_balloc_load_end__ = __nrf_balloc_end__
                0x0000000000000001                . = ASSERT (((__nrf_balloc_start__ == __nrf_balloc_end__) || ((__nrf_balloc_end__ - __FLASH1_segment_start__) <= __FLASH1_segment_size__)), error: .nrf_balloc is too large to fit in FLASH1 memory segment)
                0x0000000000002e78                __nrf_sections_load_start__ = ALIGN (__nrf_balloc_end__, 0x4)

.nrf_sections   0x0000000000002e78        0x0
                0x0000000000002e78                __nrf_sections_start__ = .
                0x0000000000002e78                __start_nrf_sections = __nrf_sections_start__
 *(.nrf_sections .nrf_sections.*)
                0x0000000000002e78                __nrf_sections_end__ = (__nrf_sections_start__ + SIZEOF (.nrf_sections))
                0x0000000000000000                __nrf_sections_size__ = SIZEOF (.nrf_sections)
                0x0000000000002e78                __nrf_sections_load_end__ = __nrf_sections_end__
                0x0000000000000001                . = ASSERT (((__nrf_sections_start__ == __nrf_sections_end__) || ((__nrf_sections_end__ - __FLASH1_segment_start__) <= __FLASH1_segment_size__)), error: .nrf_sections is too large to fit in FLASH1 memory segment)
                0x0000000000002e78                __log_dynamic_data_load_start__ = ALIGN (__nrf_sections_end__, 0x4)

.log_dynamic_data
                0x0000000020000000        0x0 load address 0x0000000000002e78
                0x0000000020000000                __log_dynamic_data_start__ = .
 *(SORT_BY_NAME(.log_dynamic_data*))
                0x0000000020000000                __log_dynamic_data_end__ = (__log_dynamic_data_start__ + SIZEOF (.log_dynamic_data))
                0x0000000000000000                __log_dynamic_data_size__ = SIZEOF (.log_dynamic_data)
                0x0000000000002e78                __log_dynamic_data_load_end__ = (__log_dynamic_data_load_start__ + SIZEOF (.log_dynamic_data))
                0x0000000000000001                . = ASSERT (((__log_dynamic_data_load_start__ == __log_dynamic_data_load_end__) || ((__log_dynamic_data_load_end__ - __FLASH1_segment_start__) <= __FLASH1_segment_size__)), error: .log_dynamic_data is too large to fit in FLASH1 memory segment)

.log_dynamic_data_run
                0x0000000020000000        0x0
                0x0000000020000000                __log_dynamic_data_run_start__ = .
                0x0000000020000000                __start_log_dynamic_data = __log_dynamic_data_run_start__
                0x0000000020000000                __log_dynamic_data_run_end__ = (__log_dynamic_data_run_start__ + SIZEOF (.log_dynamic_data))
                0x0000000000000000                __log_dynamic_data_run_size__ = (__log_dynamic_data_run_end__ - __log_dynamic_data_run_start__)
                0x0000000020000000                __stop_log_dynamic_data = __log_dynamic_data_run_end__
                0x0000000020000000                __log_dynamic_data_run_load_end__ = __log_dynamic_data_run_end__
                0x0000000000000001                . = ASSERT (((__log_dynamic_data_run_start__ == __log_dynamic_data_run_end__) || ((__log_dynamic_data_run_end__ - __RAM1_segment_start__) <= __RAM1_segment_size__)), error: .log_dynamic_data_run is too large to fit in RAM1 memory segment)
                0x0000000000002e78                __log_filter_data_load_start__ = ALIGN ((__log_dynamic_data_load_start__ + SIZEOF (.log_dynamic_data)), 0x4)

.log_filter_data
                0x0000000020000000        0x0 load address 0x0000000000002e78
                0x0000000020000000                __log_filter_data_start__ = .
 *(SORT_BY_NAME(.log_filter_data*))
                0x0000000020000000                __log_filter_data_end__ = (__log_filter_data_start__ + SIZEOF (.log_filter_data))
                0x0000000000000000                __log_filter_data_size__ = SIZEOF (.log_filter_data)
                0x0000000000002e78                __log_filter_data_load_end__ = (__log_filter_data_load_start__ + SIZEOF (.log_filter_data))
                0x0000000000000001                . = ASSERT (((__log_filter_data_load_start__ == __log_filter_data_load_end__) || ((__log_filter_data_load_end__ - __FLASH1_segment_start__) <= __FLASH1_segment_size__)), error: .log_filter_data is too large to fit in FLASH1 memory segment)

.log_filter_data_run
                0x0000000020000000        0x0
                0x0000000020000000                __log_filter_data_run_start__ = .
                0x0000000020000000                __start_log_filter_data = __log_filter_data_run_start__
                0x0000000020000000                __log_filter_data_run_end__ = (__log_filter_data_run_start__ + SIZEOF (.log_filter_data))
                0x0000000000000000                __log_filter_data_run_size__ = (__log_filter_data_run_end__ - __log_filter_data_run_start__)
                0x0000000020000000                __stop_log_filter_data = __log_filter_data_run_end__
                0x0000000020000000                __log_filter_data_run_load_end__ = __log_filter_data_run_end__
                0x0000000000000001                . = ASSERT (((__log_filter_data_run_start__ == __log_filter_data_run_end__) || ((__log_filter_data_run_end__ - __RAM1_segment_start__) <= __RAM1_segment_size__)), error: .log_filter_data_run is too large to fit in RAM1 memory segment)
                0x0000000020000000                __nrf_sections_run_end_load_start__ = ALIGN (__log_filter_data_run_end__, 0x4)

.nrf_sections_run_end
                0x0000000020000000        0x0
                0x0000000020000000                __nrf_sections_run_end_start__ = .
                0x0000000020000000                __end_nrf_sections_run = __nrf_sections_run_end_start__
 *(.nrf_sections_run_end .nrf_sections_run_end.*)
                0x0000000020000000                __nrf_sections_run_end_end__ = (__nrf_sections_run_end_start__ + SIZEOF (.nrf_sections_run_end))
                0x0000000000000000                __nrf_sections_run_end_size__ = SIZEOF (.nrf_sections_run_end)
                0x0000000020000000                __nrf_sections_run_end_load_end__ = __nrf_sections_run_end_end__
                0x0000000000000001                . = ASSERT (((__nrf_sections_run_end_start__ == __nrf_sections_run_end_end__) || ((__nrf_sections_run_end_end__ - __RAM1_segment_start__) <= __RAM1_segment_size__)), error: .nrf_sections_run_end is too large to fit in RAM1 memory segment)
                0x0000000000002e78                __dtors_load_start__ = ALIGN ((__log_filter_data_load_start__ + SIZEOF (.log_filter_data)), 0x4)

.dtors          0x0000000000002e78        0x0
                0x0000000000002e78                __dtors_start__ = .
 *(SORT_BY_NAME(.dtors.*))
 *(.dtors)
 *(.fini_array)
 *(SORT_BY_NAME(.fini_array.*))
                0x0000000000002e78                __dtors_end__ = (__dtors_start__ + SIZEOF (.dtors))
                0x0000000000000000                __dtors_size__ = SIZEOF (.dtors)
                0x0000000000002e78                __dtors_load_end__ = __dtors_end__
                0x0000000000000001                . = ASSERT (((__dtors_start__ == __dtors_end__) || ((__dtors_end__ - __FLASH1_segment_start__) <= __FLASH1_segment_size__)), error: .dtors is too large to fit in FLASH1 memory segment)
                0x0000000000002e78                __ctors_load_start__ = ALIGN (__dtors_end__, 0x4)

.ctors          0x0000000000002e78        0x0
                0x0000000000002e78                __ctors_start__ = .
 *(SORT_BY_NAME(.ctors.*))
 *(.ctors)
 *(.init_array)
 *(SORT_BY_NAME(.init_array.*))
                0x0000000000002e78                __ctors_end__ = (__ctors_start__ + SIZEOF (.ctors))
                0x0000000000000000                __ctors_size__ = SIZEOF (.ctors)
                0x0000000000002e78                __ctors_load_end__ = __ctors_end__
                0x0000000000000001                . = ASSERT (((__ctors_start__ == __ctors_end__) || ((__ctors_end__ - __FLASH1_segment_start__) <= __FLASH1_segment_size__)), error: .ctors is too large to fit in FLASH1 memory segment)
                0x0000000000002e78                __rodata_load_start__ = ALIGN (__ctors_end__, 0x4)

.rodata         0x0000000000002e78      0x3a0
                0x0000000000002e78                __rodata_start__ = .
 *(.rodata .rodata.* .gnu.linkonce.r.*)
 .rodata        0x0000000000002e78       0x20 Output/Release/Obj/i2s_pca10056/nrf_log_backend_uart.o
 .rodata.nrf_log_backend_uart_api
                0x0000000000002e98        0xc Output/Release/Obj/i2s_pca10056/nrf_log_backend_uart.o
                0x0000000000002e98                nrf_log_backend_uart_api
 .rodata.str1.1
                0x0000000000002ea4       0x11 Output/Release/Obj/i2s_pca10056/nrf_log_default_backends.o
 .rodata.nrf_log_frontend_dequeue.str1.1
                0x0000000000002eb5       0x11 Output/Release/Obj/i2s_pca10056/nrf_log_frontend.o
 .rodata.str1.1
                0x0000000000002ec6        0x4 Output/Release/Obj/i2s_pca10056/nrf_log_frontend.o
 .rodata.prefix_process.str1.1
                0x0000000000002eca       0x32 Output/Release/Obj/i2s_pca10056/nrf_log_str_formatter.o
 .rodata.postfix_process.str1.1
                0x0000000000002efc       0x32 Output/Release/Obj/i2s_pca10056/nrf_log_str_formatter.o
                                          0x3 (size before relaxing)
 .rodata.nrf_log_hexdump_entry_process.str1.1
                0x0000000000002efc        0xf Output/Release/Obj/i2s_pca10056/nrf_log_str_formatter.o
                                         0x11 (size before relaxing)
 .rodata.str1.1
                0x0000000000002f0b       0x4b Output/Release/Obj/i2s_pca10056/nrf_log_str_formatter.o
                                         0x51 (size before relaxing)
 *fill*         0x0000000000002f56        0x2 
 .rodata.m_colors
                0x0000000000002f58       0x24 Output/Release/Obj/i2s_pca10056/nrf_log_str_formatter.o
 .rodata.severity_names
                0x0000000000002f7c       0x14 Output/Release/Obj/i2s_pca10056/nrf_log_str_formatter.o
 .rodata.app_error_fault_handler.str1.1
                0x0000000000002f90       0x19 Output/Release/Obj/i2s_pca10056/app_error_weak.o
 .rodata._aV2C.0
                0x0000000000002fa9       0x10 Output/Release/Obj/i2s_pca10056/nrf_fprintf_format.o
 .rodata.str1.1
                0x0000000000002fb9        0x4 Output/Release/Obj/i2s_pca10056/nrfx_i2s.o
 .rodata.str1.1
                0x0000000000002fbd        0x4 Output/Release/Obj/i2s_pca10056/nrfx_prs.o
 .rodata.str1.1
                0x0000000000002fc1        0x5 Output/Release/Obj/i2s_pca10056/nrfx_uart.o
 .rodata.str1.1
                0x0000000000002fc6        0x6 Output/Release/Obj/i2s_pca10056/nrfx_uarte.o
 .rodata.CSWTCH.15
                0x0000000000002fcc        0x6 Output/Release/Obj/i2s_pca10056/system_nrf52840.o
 .rodata.CSWTCH.6
                0x0000000000002fd2        0x6 Output/Release/Obj/i2s_pca10056/system_nrf52840.o
 .rodata.libc.__RAL_find_locale.str1.4
                0x0000000000002fd8        0xa C:/Program Files/SEGGER/SEGGER Embedded Studio for ARM 5.68/lib/libc_v7em_fpv4_sp_d16_hard_t_le_eabi.a(libc2.o)
 *fill*         0x0000000000002fe2        0x2 
 .rodata.libc.__RAL_ascii_ctype_map
                0x0000000000002fe4       0x80 C:/Program Files/SEGGER/SEGGER Embedded Studio for ARM 5.68/lib/libc_v7em_fpv4_sp_d16_hard_t_le_eabi.a(libc2.o)
                0x0000000000002fe4                __RAL_ascii_ctype_map
 .rodata.libc.__RAL_ascii_ctype_mask
                0x0000000000003064        0xd C:/Program Files/SEGGER/SEGGER Embedded Studio for ARM 5.68/lib/libc_v7em_fpv4_sp_d16_hard_t_le_eabi.a(libc2.o)
 *fill*         0x0000000000003071        0x3 
 .rodata.libc.__RAL_c_locale
                0x0000000000003074        0xc C:/Program Files/SEGGER/SEGGER Embedded Studio for ARM 5.68/lib/libc_v7em_fpv4_sp_d16_hard_t_le_eabi.a(libc2.o)
                0x0000000000003074                __RAL_c_locale
 .rodata.libc.__RAL_c_locale_abbrev_day_names
                0x0000000000003080       0x1d C:/Program Files/SEGGER/SEGGER Embedded Studio for ARM 5.68/lib/libc_v7em_fpv4_sp_d16_hard_t_le_eabi.a(libc2.o)
                0x0000000000003080                __RAL_c_locale_abbrev_day_names
 *fill*         0x000000000000309d        0x3 
 .rodata.libc.__RAL_c_locale_abbrev_month_names
                0x00000000000030a0       0x31 C:/Program Files/SEGGER/SEGGER Embedded Studio for ARM 5.68/lib/libc_v7em_fpv4_sp_d16_hard_t_le_eabi.a(libc2.o)
                0x00000000000030a0                __RAL_c_locale_abbrev_month_names
 *fill*         0x00000000000030d1        0x3 
 .rodata.libc.__RAL_c_locale_am_pm_indicator
                0x00000000000030d4        0x7 C:/Program Files/SEGGER/SEGGER Embedded Studio for ARM 5.68/lib/libc_v7em_fpv4_sp_d16_hard_t_le_eabi.a(libc2.o)
                0x00000000000030d4                __RAL_c_locale_am_pm_indicator
 *fill*         0x00000000000030db        0x1 
 .rodata.libc.__RAL_c_locale_data
                0x00000000000030dc       0x58 C:/Program Files/SEGGER/SEGGER Embedded Studio for ARM 5.68/lib/libc_v7em_fpv4_sp_d16_hard_t_le_eabi.a(libc2.o)
                0x00000000000030dc                __RAL_c_locale_data
 .rodata.libc.__RAL_c_locale_date_format
                0x0000000000003134        0x9 C:/Program Files/SEGGER/SEGGER Embedded Studio for ARM 5.68/lib/libc_v7em_fpv4_sp_d16_hard_t_le_eabi.a(libc2.o)
                0x0000000000003134                __RAL_c_locale_date_format
 *fill*         0x000000000000313d        0x3 
 .rodata.libc.__RAL_c_locale_date_time_format
                0x0000000000003140        0xf C:/Program Files/SEGGER/SEGGER Embedded Studio for ARM 5.68/lib/libc_v7em_fpv4_sp_d16_hard_t_le_eabi.a(libc2.o)
                0x0000000000003140                __RAL_c_locale_date_time_format
 *fill*         0x000000000000314f        0x1 
 .rodata.libc.__RAL_c_locale_day_names
                0x0000000000003150       0x3a C:/Program Files/SEGGER/SEGGER Embedded Studio for ARM 5.68/lib/libc_v7em_fpv4_sp_d16_hard_t_le_eabi.a(libc2.o)
                0x0000000000003150                __RAL_c_locale_day_names
 *fill*         0x000000000000318a        0x2 
 .rodata.libc.__RAL_c_locale_month_names
                0x000000000000318c       0x57 C:/Program Files/SEGGER/SEGGER Embedded Studio for ARM 5.68/lib/libc_v7em_fpv4_sp_d16_hard_t_le_eabi.a(libc2.o)
                0x000000000000318c                __RAL_c_locale_month_names
 *fill*         0x00000000000031e3        0x1 
 .rodata.libc.__RAL_c_locale_time_format
                0x00000000000031e4        0x9 C:/Program Files/SEGGER/SEGGER Embedded Studio for ARM 5.68/lib/libc_v7em_fpv4_sp_d16_hard_t_le_eabi.a(libc2.o)
                0x00000000000031e4                __RAL_c_locale_time_format
 *fill*         0x00000000000031ed        0x3 
 .rodata.libc.__RAL_codeset_ascii
                0x00000000000031f0       0x20 C:/Program Files/SEGGER/SEGGER Embedded Studio for ARM 5.68/lib/libc_v7em_fpv4_sp_d16_hard_t_le_eabi.a(libc2.o)
                0x00000000000031f0                __RAL_codeset_ascii
 .rodata.libc.__RAL_data_empty_string
                0x0000000000003210        0x1 C:/Program Files/SEGGER/SEGGER Embedded Studio for ARM 5.68/lib/libc_v7em_fpv4_sp_d16_hard_t_le_eabi.a(libc2.o)
                0x0000000000003210                __RAL_data_empty_string
 *fill*         0x0000000000003211        0x3 
 .rodata.libc.__RAL_data_utf8_period
                0x0000000000003214        0x2 C:/Program Files/SEGGER/SEGGER Embedded Studio for ARM 5.68/lib/libc_v7em_fpv4_sp_d16_hard_t_le_eabi.a(libc2.o)
                0x0000000000003214                __RAL_data_utf8_period
                0x0000000000003218                . = ALIGN (MAX ((__rodata_start__ + 0x4), .), 0x4)
 *fill*         0x0000000000003216        0x2 
                0x0000000000003218                __rodata_end__ = (__rodata_start__ + SIZEOF (.rodata))
                0x00000000000003a0                __rodata_size__ = SIZEOF (.rodata)
                0x0000000000003218                __rodata_load_end__ = __rodata_end__

.rel.dyn        0x0000000000003218        0x0
 .rel.iplt      0x0000000000003218        0x0 Output/Release/Obj/i2s_pca10056/thumb_crt0.o
                0x0000000000000001                . = ASSERT (((__rodata_start__ == __rodata_end__) || ((__rodata_end__ - __FLASH1_segment_start__) <= __FLASH1_segment_size__)), error: .rodata is too large to fit in FLASH1 memory segment)
                0x0000000000003218                __ARM.exidx_load_start__ = ALIGN (__rodata_end__, 0x4)

.ARM.exidx      0x0000000000003218        0x0
                0x0000000000003218                __ARM.exidx_start__ = .
                0x0000000000003218                __exidx_start = __ARM.exidx_start__
 *(.ARM.exidx .ARM.exidx.*)
                0x0000000000003218                __ARM.exidx_end__ = (__ARM.exidx_start__ + SIZEOF (.ARM.exidx))
                0x0000000000000000                __ARM.exidx_size__ = SIZEOF (.ARM.exidx)
                0x0000000000003218                __exidx_end = __ARM.exidx_end__
                0x0000000000003218                __ARM.exidx_load_end__ = __ARM.exidx_end__
                0x0000000000000001                . = ASSERT (((__ARM.exidx_start__ == __ARM.exidx_end__) || ((__ARM.exidx_end__ - __FLASH1_segment_start__) <= __FLASH1_segment_size__)), error: .ARM.exidx is too large to fit in FLASH1 memory segment)
                0x0000000000003218                __fast_load_start__ = ALIGN (__ARM.exidx_end__, 0x4)

.fast           0x0000000020000000        0x0 load address 0x0000000000003218
                0x0000000020000000                __fast_start__ = .
 *(.fast .fast.*)
                0x0000000020000000                __fast_end__ = (__fast_start__ + SIZEOF (.fast))
                0x0000000000000000                __fast_size__ = SIZEOF (.fast)
                0x0000000000003218                __fast_load_end__ = (__fast_load_start__ + SIZEOF (.fast))
                0x0000000000000001                . = ASSERT (((__fast_load_start__ == __fast_load_end__) || ((__fast_load_end__ - __FLASH1_segment_start__) <= __FLASH1_segment_size__)), error: .fast is too large to fit in FLASH1 memory segment)

.fast_run       0x0000000020000000        0x0
                0x0000000020000000                __fast_run_start__ = .
                0x0000000020000000                __fast_run_end__ = (__fast_run_start__ + SIZEOF (.fast))
                0x0000000000000000                __fast_run_size__ = (__fast_run_end__ - __fast_run_start__)
                0x0000000020000000                __fast_run_load_end__ = __fast_run_end__
                0x0000000000000001                . = ASSERT (((__fast_run_start__ == __fast_run_end__) || ((__fast_run_end__ - __RAM1_segment_start__) <= __RAM1_segment_size__)), error: .fast_run is too large to fit in RAM1 memory segment)
                0x0000000000003218                __data_load_start__ = ALIGN ((__fast_load_start__ + SIZEOF (.fast)), 0x4)

.data           0x0000000020000000       0x34 load address 0x0000000000003218
                0x0000000020000000                __data_start__ = .
 *(.data .data.* .gnu.linkonce.d.*)
 .data.m_uart   0x0000000020000000       0x14 Output/Release/Obj/i2s_pca10056/nrf_log_backend_uart.o
                0x0000000020000000                m_uart
 .data.log_backend_cb_uart_log_backend
                0x0000000020000014        0x8 Output/Release/Obj/i2s_pca10056/nrf_log_default_backends.o
 .data.SystemCoreClock
                0x000000002000001c        0x4 Output/Release/Obj/i2s_pca10056/system_nrf52840.o
                0x000000002000001c                SystemCoreClock
 .data.libc.__RAL_global_locale
                0x0000000020000020       0x14 C:/Program Files/SEGGER/SEGGER Embedded Studio for ARM 5.68/lib/libc_v7em_fpv4_sp_d16_hard_t_le_eabi.a(libc2.o)
                0x0000000020000020                __RAL_global_locale
                0x0000000020000034                __data_end__ = (__data_start__ + SIZEOF (.data))
                0x0000000000000034                __data_size__ = SIZEOF (.data)
                0x000000000000324c                __data_load_end__ = (__data_load_start__ + SIZEOF (.data))

.igot.plt       0x0000000100000000        0x0
 .igot.plt      0x0000000100000000        0x0 Output/Release/Obj/i2s_pca10056/thumb_crt0.o
                0x0000000000000001                . = ASSERT (((__data_load_start__ == __data_load_end__) || ((__data_load_end__ - __FLASH1_segment_start__) <= __FLASH1_segment_size__)), error: .data is too large to fit in FLASH1 memory segment)

.data_run       0x0000000020000000        0x0
                0x0000000020000000                __data_run_start__ = .
                0x0000000020000034                __data_run_end__ = (__data_run_start__ + SIZEOF (.data))
                0x0000000000000034                __data_run_size__ = (__data_run_end__ - __data_run_start__)
                0x0000000020000034                __data_run_load_end__ = __data_run_end__
                0x0000000000000001                . = ASSERT (((__data_run_start__ == __data_run_end__) || ((__data_run_end__ - __RAM1_segment_start__) <= __RAM1_segment_size__)), error: .data_run is too large to fit in RAM1 memory segment)
                0x000000000000324c                __tdata_load_start__ = ALIGN ((__data_load_start__ + SIZEOF (.data)), 0x4)

.tdata          0x0000000020000034        0x0 load address 0x000000000000324c
                0x0000000020000034                __tdata_start__ = .
 *(.tdata .tdata.*)
                0x0000000020000034                __tdata_end__ = (__tdata_start__ + SIZEOF (.tdata))
                0x0000000000000000                __tdata_size__ = SIZEOF (.tdata)
                0x000000000000324c                __tdata_load_end__ = (__tdata_load_start__ + SIZEOF (.tdata))
                0x000000000000324c                __FLASH1_segment_used_end__ = (ALIGN ((__data_load_start__ + SIZEOF (.data)), 0x4) + SIZEOF (.tdata))
                0x000000000000324c                __FLASH1_segment_used_size__ = (__FLASH1_segment_used_end__ - __FLASH1_segment_start__)
                0x0000000000000001                . = ASSERT (((__tdata_load_start__ == __tdata_load_end__) || ((__tdata_load_end__ - __FLASH1_segment_start__) <= __FLASH1_segment_size__)), error: .tdata is too large to fit in FLASH1 memory segment)

.tdata_run      0x0000000020000034        0x0
                0x0000000020000034                __tdata_run_start__ = .
                0x0000000020000034                __tdata_run_end__ = (__tdata_run_start__ + SIZEOF (.tdata))
                0x0000000000000000                __tdata_run_size__ = (__tdata_run_end__ - __tdata_run_start__)
                0x0000000020000034                __tdata_run_load_end__ = __tdata_run_end__
                0x0000000000000001                . = ASSERT (((__tdata_run_start__ == __tdata_run_end__) || ((__tdata_run_end__ - __RAM1_segment_start__) <= __RAM1_segment_size__)), error: .tdata_run is too large to fit in RAM1 memory segment)
                0x0000000020000034                __bss_load_start__ = ALIGN (__tdata_run_end__, 0x4)

.bss            0x0000000020000034      0x5bc
                0x0000000020000034                __bss_start__ = .
 *(.bss .bss.* .gnu.linkonce.b.*)
 .bss.m_async_mode
                0x0000000020000034        0x1 Output/Release/Obj/i2s_pca10056/nrf_log_backend_uart.o
 .bss.m_string_buff
                0x0000000020000035       0x40 Output/Release/Obj/i2s_pca10056/nrf_log_backend_uart.o
 .bss.m_xfer_done
                0x0000000020000075        0x1 Output/Release/Obj/i2s_pca10056/nrf_log_backend_uart.o
 *fill*         0x0000000020000076        0x2 
 .bss.log_mempool_nrf_balloc_cb
                0x0000000020000078        0x8 Output/Release/Obj/i2s_pca10056/nrf_log_frontend.o
 .bss.log_mempool_nrf_balloc_pool_mem
                0x0000000020000080       0xc0 Output/Release/Obj/i2s_pca10056/nrf_log_frontend.o
 .bss.log_mempool_nrf_balloc_pool_stack
                0x0000000020000140        0x8 Output/Release/Obj/i2s_pca10056/nrf_log_frontend.o
 .bss.m_log_data
                0x0000000020000148      0x420 Output/Release/Obj/i2s_pca10056/nrf_log_frontend.o
 .bss.m_in_critical_region
                0x0000000020000568        0x4 Output/Release/Obj/i2s_pca10056/app_util_platform.o
 .bss.m_contexts
                0x000000002000056c        0x8 Output/Release/Obj/i2s_pca10056/nrf_drv_uart.o
 .bss.m_handlers
                0x0000000020000574        0x8 Output/Release/Obj/i2s_pca10056/nrf_drv_uart.o
 .bss.nrf_drv_uart_use_easy_dma
                0x000000002000057c        0x2 Output/Release/Obj/i2s_pca10056/nrf_drv_uart.o
                0x000000002000057c                nrf_drv_uart_use_easy_dma
 *fill*         0x000000002000057e        0x2 
 .bss.m_cb      0x0000000020000580       0x18 Output/Release/Obj/i2s_pca10056/nrfx_i2s.o
 .bss.m_prs_box_4
                0x0000000020000598        0x8 Output/Release/Obj/i2s_pca10056/nrfx_prs.o
 .bss.m_cb      0x00000000200005a0       0x2c Output/Release/Obj/i2s_pca10056/nrfx_uart.o
 .bss.m_cb      0x00000000200005cc       0x24 Output/Release/Obj/i2s_pca10056/nrfx_uarte.o
 *(COMMON)
                0x00000000200005f0                __bss_end__ = (__bss_start__ + SIZEOF (.bss))
                0x00000000000005bc                __bss_size__ = SIZEOF (.bss)
                0x00000000200005f0                __bss_load_end__ = __bss_end__
                0x0000000000000001                . = ASSERT (((__bss_start__ == __bss_end__) || ((__bss_end__ - __RAM1_segment_start__) <= __RAM1_segment_size__)), error: .bss is too large to fit in RAM1 memory segment)
                0x00000000200005f0                __tbss_load_start__ = ALIGN (__bss_end__, 0x4)

.tbss           0x00000000200005f0        0x0
                0x00000000200005f0                __tbss_start__ = .
 *(.tbss .tbss.*)
                0x00000000200005f0                __tbss_end__ = (__tbss_start__ + SIZEOF (.tbss))
                0x0000000000000000                __tbss_size__ = SIZEOF (.tbss)
                0x00000000200005f0                __tbss_load_end__ = __tbss_end__
                0x0000000000000001                . = ASSERT (((__tbss_start__ == __tbss_end__) || ((__tbss_end__ - __RAM1_segment_start__) <= __RAM1_segment_size__)), error: .tbss is too large to fit in RAM1 memory segment)
                0x00000000200005f0                __non_init_load_start__ = ALIGN (__tbss_end__, 0x4)

.non_init       0x00000000200005f0        0x0
                0x00000000200005f0                __non_init_start__ = .
 *(.non_init .non_init.*)
                0x00000000200005f0                __non_init_end__ = (__non_init_start__ + SIZEOF (.non_init))
                0x0000000000000000                __non_init_size__ = SIZEOF (.non_init)
                0x00000000200005f0                __non_init_load_end__ = __non_init_end__
                0x0000000000000001                . = ASSERT (((__non_init_start__ == __non_init_end__) || ((__non_init_end__ - __RAM1_segment_start__) <= __RAM1_segment_size__)), error: .non_init is too large to fit in RAM1 memory segment)
                0x00000000200005f0                __heap_load_start__ = ALIGN (__non_init_end__, 0x4)

.heap           0x00000000200005f0     0x2000
                0x00000000200005f0                __heap_start__ = .
 *(.heap .heap.*)
                0x00000000200025f0                . = ALIGN (MAX ((__heap_start__ + __HEAPSIZE__), .), 0x4)
 *fill*         0x00000000200005f0     0x2000 
                0x00000000200025f0                __heap_end__ = (__heap_start__ + SIZEOF (.heap))
                0x0000000000002000                __heap_size__ = SIZEOF (.heap)
                0x00000000200025f0                __heap_load_end__ = __heap_end__
                0x0000000000000001                . = ASSERT (((__heap_start__ == __heap_end__) || ((__heap_end__ - __RAM1_segment_start__) <= __RAM1_segment_size__)), error: .heap is too large to fit in RAM1 memory segment)
                0x000000002003e000                __stack_load_start__ = (__RAM1_segment_start__ + (__RAM1_segment_size__ - 0x2000))

.stack          0x000000002003e000     0x2000
                0x000000002003e000                __stack_start__ = .
                0x000000002003e000                __StackLimit = __stack_start__
 *(.stack .stack.*)
                0x0000000020040000                . = ALIGN (MAX ((__stack_start__ + __STACKSIZE__), .), 0x8)
 *fill*         0x000000002003e000     0x2000 
                0x0000000020040000                __stack_end__ = (__stack_start__ + SIZEOF (.stack))
                0x0000000000002000                __stack_size__ = SIZEOF (.stack)
                0x0000000020040000                __StackTop = __stack_end__
                0x0000000020040000                __stack_load_end__ = __stack_end__
                0x0000000000000001                . = ASSERT (((__stack_start__ == __stack_end__) || ((__stack_end__ - __RAM1_segment_start__) <= __RAM1_segment_size__)), error: .stack is too large to fit in RAM1 memory segment)
                0x0000000000000001                . = ASSERT ((__heap_end__ <= __stack_start__), error: section .heap overlaps absolute placed section .stack)
                0x0000000020040000                __stack_process_load_start__ = ALIGN (__stack_end__, 0x8)

.stack_process  0x0000000020040000        0x0
                0x0000000020040000                __stack_process_start__ = .
 *(.stack_process .stack_process.*)
                0x0000000020040000                . = ALIGN (MAX ((__stack_process_start__ + __STACKSIZE_PROCESS__), .), 0x8)
                0x0000000020040000                __stack_process_end__ = (__stack_process_start__ + SIZEOF (.stack_process))
                0x0000000000000000                __stack_process_size__ = SIZEOF (.stack_process)
                0x0000000020040000                __stack_process_load_end__ = __stack_process_end__
                0x0000000020040000                __RAM1_segment_used_end__ = (ALIGN (__stack_end__, 0x8) + SIZEOF (.stack_process))
                0x0000000000040000                __RAM1_segment_used_size__ = (__RAM1_segment_used_end__ - __RAM1_segment_start__)
                0x0000000000000001                . = ASSERT (((__stack_process_start__ == __stack_process_end__) || ((__stack_process_end__ - __RAM1_segment_start__) <= __RAM1_segment_size__)), error: .stack_process is too large to fit in RAM1 memory segment)
START GROUP
LOAD Output/Release/Obj/i2s_pca10056/thumb_crt0.o
LOAD Output/Release/Obj/i2s_pca10056/nrf_log_backend_rtt.o
LOAD Output/Release/Obj/i2s_pca10056/nrf_log_backend_serial.o
LOAD Output/Release/Obj/i2s_pca10056/nrf_log_backend_uart.o
LOAD Output/Release/Obj/i2s_pca10056/nrf_log_default_backends.o
LOAD Output/Release/Obj/i2s_pca10056/nrf_log_frontend.o
LOAD Output/Release/Obj/i2s_pca10056/nrf_log_str_formatter.o
LOAD Output/Release/Obj/i2s_pca10056/boards.o
LOAD Output/Release/Obj/i2s_pca10056/app_error.o
LOAD Output/Release/Obj/i2s_pca10056/app_error_handler_gcc.o
LOAD Output/Release/Obj/i2s_pca10056/app_error_weak.o
LOAD Output/Release/Obj/i2s_pca10056/app_util_platform.o
LOAD Output/Release/Obj/i2s_pca10056/nrf_assert.o
LOAD Output/Release/Obj/i2s_pca10056/nrf_atomic.o
LOAD Output/Release/Obj/i2s_pca10056/nrf_balloc.o
LOAD Output/Release/Obj/i2s_pca10056/nrf_fprintf.o
LOAD Output/Release/Obj/i2s_pca10056/nrf_fprintf_format.o
LOAD Output/Release/Obj/i2s_pca10056/nrf_memobj.o
LOAD Output/Release/Obj/i2s_pca10056/nrf_ringbuf.o
LOAD Output/Release/Obj/i2s_pca10056/nrf_strerror.o
LOAD Output/Release/Obj/i2s_pca10056/nrf_drv_uart.o
LOAD Output/Release/Obj/i2s_pca10056/nrfx_atomic.o
LOAD Output/Release/Obj/i2s_pca10056/nrfx_i2s.o
LOAD Output/Release/Obj/i2s_pca10056/nrfx_prs.o
LOAD Output/Release/Obj/i2s_pca10056/nrfx_uart.o
LOAD Output/Release/Obj/i2s_pca10056/nrfx_uarte.o
LOAD Output/Release/Obj/i2s_pca10056/main.o
LOAD Output/Release/Obj/i2s_pca10056/SEGGER_RTT.o
LOAD Output/Release/Obj/i2s_pca10056/SEGGER_RTT_Syscalls_SES.o
LOAD Output/Release/Obj/i2s_pca10056/SEGGER_RTT_printf.o
LOAD Output/Release/Obj/i2s_pca10056/ses_startup_nrf52840.o
LOAD Output/Release/Obj/i2s_pca10056/ses_startup_nrf_common.o
LOAD Output/Release/Obj/i2s_pca10056/system_nrf52840.o
LOAD C:/Users/aglenn5/AppData/Local/SEGGER/SEGGER Embedded Studio/v3/packages/libraries/libcxx/lib/libcxx_noexcept_v7em_fpv4_sp_d16_hard_t_le_eabi.a
LOAD C:/Program Files/SEGGER/SEGGER Embedded Studio for ARM 5.68/lib/libm_v7em_fpv4_sp_d16_hard_t_le_eabi.a
LOAD C:/Program Files/SEGGER/SEGGER Embedded Studio for ARM 5.68/lib/libc_v7em_fpv4_sp_d16_hard_t_le_eabi.a
LOAD C:/Program Files/SEGGER/SEGGER Embedded Studio for ARM 5.68/lib/libdebugio_v7em_fpv4_sp_d16_hard_t_le_eabi.a
END GROUP
OUTPUT(Output/Release/Exe/i2s_pca10056.elf elf32-littlearm)
LOAD linker stubs

.ARM.attributes
                0x0000000000000000       0x32
 .ARM.attributes
                0x0000000000000000       0x20 Output/Release/Obj/i2s_pca10056/thumb_crt0.o
 .ARM.attributes
                0x0000000000000020       0x36 Output/Release/Obj/i2s_pca10056/nrf_log_backend_serial.o
 .ARM.attributes
                0x0000000000000056       0x36 Output/Release/Obj/i2s_pca10056/nrf_log_backend_uart.o
 .ARM.attributes
                0x000000000000008c       0x36 Output/Release/Obj/i2s_pca10056/nrf_log_default_backends.o
 .ARM.attributes
                0x00000000000000c2       0x36 Output/Release/Obj/i2s_pca10056/nrf_log_frontend.o
 .ARM.attributes
                0x00000000000000f8       0x36 Output/Release/Obj/i2s_pca10056/nrf_log_str_formatter.o
 .ARM.attributes
                0x000000000000012e       0x36 Output/Release/Obj/i2s_pca10056/app_error.o
 .ARM.attributes
                0x0000000000000164       0x36 Output/Release/Obj/i2s_pca10056/app_error_weak.o
 .ARM.attributes
                0x000000000000019a       0x36 Output/Release/Obj/i2s_pca10056/app_util_platform.o
 .ARM.attributes
                0x00000000000001d0       0x36 Output/Release/Obj/i2s_pca10056/nrf_atomic.o
 .ARM.attributes
                0x0000000000000206       0x36 Output/Release/Obj/i2s_pca10056/nrf_balloc.o
 .ARM.attributes
                0x000000000000023c       0x36 Output/Release/Obj/i2s_pca10056/nrf_fprintf.o
 .ARM.attributes
                0x0000000000000272       0x36 Output/Release/Obj/i2s_pca10056/nrf_fprintf_format.o
 .ARM.attributes
                0x00000000000002a8       0x36 Output/Release/Obj/i2s_pca10056/nrf_memobj.o
 .ARM.attributes
                0x00000000000002de       0x36 Output/Release/Obj/i2s_pca10056/nrf_drv_uart.o
 .ARM.attributes
                0x0000000000000314       0x36 Output/Release/Obj/i2s_pca10056/nrfx_i2s.o
 .ARM.attributes
                0x000000000000034a       0x36 Output/Release/Obj/i2s_pca10056/nrfx_prs.o
 .ARM.attributes
                0x0000000000000380       0x36 Output/Release/Obj/i2s_pca10056/nrfx_uart.o
 .ARM.attributes
                0x00000000000003b6       0x36 Output/Release/Obj/i2s_pca10056/nrfx_uarte.o
 .ARM.attributes
                0x00000000000003ec       0x36 Output/Release/Obj/i2s_pca10056/main.o
 .ARM.attributes
                0x0000000000000422       0x20 Output/Release/Obj/i2s_pca10056/ses_startup_nrf52840.o
 .ARM.attributes
                0x0000000000000442       0x20 Output/Release/Obj/i2s_pca10056/ses_startup_nrf_common.o
 .ARM.attributes
                0x0000000000000462       0x36 Output/Release/Obj/i2s_pca10056/system_nrf52840.o
 .ARM.attributes
                0x0000000000000498       0x36 C:/Program Files/SEGGER/SEGGER Embedded Studio for ARM 5.68/lib/libc_v7em_fpv4_sp_d16_hard_t_le_eabi.a(libc2.o)
 .ARM.attributes
                0x00000000000004ce       0x20 C:/Program Files/SEGGER/SEGGER Embedded Studio for ARM 5.68/lib/libc_v7em_fpv4_sp_d16_hard_t_le_eabi.a(libc2_asm.o)

.comment        0x0000000000000000       0x3f
 .comment       0x0000000000000000       0x3f Output/Release/Obj/i2s_pca10056/nrf_log_backend_serial.o
                                         0x40 (size before relaxing)
 .comment       0x000000000000003f       0x40 Output/Release/Obj/i2s_pca10056/nrf_log_backend_uart.o
 .comment       0x000000000000003f       0x40 Output/Release/Obj/i2s_pca10056/nrf_log_default_backends.o
 .comment       0x000000000000003f       0x40 Output/Release/Obj/i2s_pca10056/nrf_log_frontend.o
 .comment       0x000000000000003f       0x40 Output/Release/Obj/i2s_pca10056/nrf_log_str_formatter.o
 .comment       0x000000000000003f       0x40 Output/Release/Obj/i2s_pca10056/app_error.o
 .comment       0x000000000000003f       0x40 Output/Release/Obj/i2s_pca10056/app_error_weak.o
 .comment       0x000000000000003f       0x40 Output/Release/Obj/i2s_pca10056/app_util_platform.o
 .comment       0x000000000000003f       0x40 Output/Release/Obj/i2s_pca10056/nrf_atomic.o
 .comment       0x000000000000003f       0x40 Output/Release/Obj/i2s_pca10056/nrf_balloc.o
 .comment       0x000000000000003f       0x40 Output/Release/Obj/i2s_pca10056/nrf_fprintf.o
 .comment       0x000000000000003f       0x40 Output/Release/Obj/i2s_pca10056/nrf_fprintf_format.o
 .comment       0x000000000000003f       0x40 Output/Release/Obj/i2s_pca10056/nrf_memobj.o
 .comment       0x000000000000003f       0x40 Output/Release/Obj/i2s_pca10056/nrf_drv_uart.o
 .comment       0x000000000000003f       0x40 Output/Release/Obj/i2s_pca10056/nrfx_i2s.o
 .comment       0x000000000000003f       0x40 Output/Release/Obj/i2s_pca10056/nrfx_prs.o
 .comment       0x000000000000003f       0x40 Output/Release/Obj/i2s_pca10056/nrfx_uart.o
 .comment       0x000000000000003f       0x40 Output/Release/Obj/i2s_pca10056/nrfx_uarte.o
 .comment       0x000000000000003f       0x40 Output/Release/Obj/i2s_pca10056/main.o
 .comment       0x000000000000003f       0x40 Output/Release/Obj/i2s_pca10056/system_nrf52840.o
 .comment       0x000000000000003f       0x40 C:/Program Files/SEGGER/SEGGER Embedded Studio for ARM 5.68/lib/libc_v7em_fpv4_sp_d16_hard_t_le_eabi.a(libc2.o)

.debug_line     0x0000000000000000     0xca8b
 .debug_line    0x0000000000000000      0x21e Output/Release/Obj/i2s_pca10056/thumb_crt0.o
 .debug_line    0x000000000000021e      0x77f Output/Release/Obj/i2s_pca10056/nrf_log_backend_serial.o
 .debug_line    0x000000000000099d      0xa2c Output/Release/Obj/i2s_pca10056/nrf_log_backend_uart.o
 .debug_line    0x00000000000013c9      0x677 Output/Release/Obj/i2s_pca10056/nrf_log_default_backends.o
 .debug_line    0x0000000000001a40     0x1342 Output/Release/Obj/i2s_pca10056/nrf_log_frontend.o
 .debug_line    0x0000000000002d82      0x891 Output/Release/Obj/i2s_pca10056/nrf_log_str_formatter.o
 .debug_line    0x0000000000003613      0x44f Output/Release/Obj/i2s_pca10056/app_error.o
 .debug_line    0x0000000000003a62      0x7aa Output/Release/Obj/i2s_pca10056/app_error_weak.o
 .debug_line    0x000000000000420c      0x4dd Output/Release/Obj/i2s_pca10056/app_util_platform.o
 .debug_line    0x00000000000046e9      0x740 Output/Release/Obj/i2s_pca10056/nrf_atomic.o
 .debug_line    0x0000000000004e29      0x75c Output/Release/Obj/i2s_pca10056/nrf_balloc.o
 .debug_line    0x0000000000005585      0x47c Output/Release/Obj/i2s_pca10056/nrf_fprintf.o
 .debug_line    0x0000000000005a01      0x8e8 Output/Release/Obj/i2s_pca10056/nrf_fprintf_format.o
 .debug_line    0x00000000000062e9      0x8be Output/Release/Obj/i2s_pca10056/nrf_memobj.o
 .debug_line    0x0000000000006ba7      0x726 Output/Release/Obj/i2s_pca10056/nrf_drv_uart.o
 .debug_line    0x00000000000072cd     0x107f Output/Release/Obj/i2s_pca10056/nrfx_i2s.o
 .debug_line    0x000000000000834c      0x7e2 Output/Release/Obj/i2s_pca10056/nrfx_prs.o
 .debug_line    0x0000000000008b2e     0x188a Output/Release/Obj/i2s_pca10056/nrfx_uart.o
 .debug_line    0x000000000000a3b8     0x1818 Output/Release/Obj/i2s_pca10056/nrfx_uarte.o
 .debug_line    0x000000000000bbd0      0x683 Output/Release/Obj/i2s_pca10056/main.o
 .debug_line    0x000000000000c253       0x92 Output/Release/Obj/i2s_pca10056/ses_startup_nrf52840.o
 .debug_line    0x000000000000c2e5       0xb1 Output/Release/Obj/i2s_pca10056/ses_startup_nrf_common.o
 .debug_line    0x000000000000c396      0x6f5 Output/Release/Obj/i2s_pca10056/system_nrf52840.o

.debug_info     0x0000000000000000    0x12e92
 .debug_info    0x0000000000000000       0x22 Output/Release/Obj/i2s_pca10056/thumb_crt0.o
 .debug_info    0x0000000000000022      0x77b Output/Release/Obj/i2s_pca10056/nrf_log_backend_serial.o
 .debug_info    0x000000000000079d     0x1161 Output/Release/Obj/i2s_pca10056/nrf_log_backend_uart.o
 .debug_info    0x00000000000018fe      0x2df Output/Release/Obj/i2s_pca10056/nrf_log_default_backends.o
 .debug_info    0x0000000000001bdd     0x2330 Output/Release/Obj/i2s_pca10056/nrf_log_frontend.o
 .debug_info    0x0000000000003f0d      0x7a5 Output/Release/Obj/i2s_pca10056/nrf_log_str_formatter.o
 .debug_info    0x00000000000046b2      0x2a4 Output/Release/Obj/i2s_pca10056/app_error.o
 .debug_info    0x0000000000004956      0x4a1 Output/Release/Obj/i2s_pca10056/app_error_weak.o
 .debug_info    0x0000000000004df7      0x7a9 Output/Release/Obj/i2s_pca10056/app_util_platform.o
 .debug_info    0x00000000000055a0      0x933 Output/Release/Obj/i2s_pca10056/nrf_atomic.o
 .debug_info    0x0000000000005ed3      0x3a6 Output/Release/Obj/i2s_pca10056/nrf_balloc.o
 .debug_info    0x0000000000006279      0x233 Output/Release/Obj/i2s_pca10056/nrf_fprintf.o
 .debug_info    0x00000000000064ac      0x72d Output/Release/Obj/i2s_pca10056/nrf_fprintf_format.o
 .debug_info    0x0000000000006bd9      0x8bb Output/Release/Obj/i2s_pca10056/nrf_memobj.o
 .debug_info    0x0000000000007494     0x11c7 Output/Release/Obj/i2s_pca10056/nrf_drv_uart.o
 .debug_info    0x000000000000865b     0x1fc5 Output/Release/Obj/i2s_pca10056/nrfx_i2s.o
 .debug_info    0x000000000000a620      0x7c9 Output/Release/Obj/i2s_pca10056/nrfx_prs.o
 .debug_info    0x000000000000ade9     0x3169 Output/Release/Obj/i2s_pca10056/nrfx_uart.o
 .debug_info    0x000000000000df52     0x3330 Output/Release/Obj/i2s_pca10056/nrfx_uarte.o
 .debug_info    0x0000000000011282      0x476 Output/Release/Obj/i2s_pca10056/main.o
 .debug_info    0x00000000000116f8       0x23 Output/Release/Obj/i2s_pca10056/ses_startup_nrf52840.o
 .debug_info    0x000000000001171b       0x23 Output/Release/Obj/i2s_pca10056/ses_startup_nrf_common.o
 .debug_info    0x000000000001173e     0x1754 Output/Release/Obj/i2s_pca10056/system_nrf52840.o

.debug_abbrev   0x0000000000000000     0x366b
 .debug_abbrev  0x0000000000000000       0x12 Output/Release/Obj/i2s_pca10056/thumb_crt0.o
 .debug_abbrev  0x0000000000000012      0x214 Output/Release/Obj/i2s_pca10056/nrf_log_backend_serial.o
 .debug_abbrev  0x0000000000000226      0x356 Output/Release/Obj/i2s_pca10056/nrf_log_backend_uart.o
 .debug_abbrev  0x000000000000057c      0x193 Output/Release/Obj/i2s_pca10056/nrf_log_default_backends.o
 .debug_abbrev  0x000000000000070f      0x612 Output/Release/Obj/i2s_pca10056/nrf_log_frontend.o
 .debug_abbrev  0x0000000000000d21      0x1f2 Output/Release/Obj/i2s_pca10056/nrf_log_str_formatter.o
 .debug_abbrev  0x0000000000000f13      0x13e Output/Release/Obj/i2s_pca10056/app_error.o
 .debug_abbrev  0x0000000000001051      0x21b Output/Release/Obj/i2s_pca10056/app_error_weak.o
 .debug_abbrev  0x000000000000126c      0x23c Output/Release/Obj/i2s_pca10056/app_util_platform.o
 .debug_abbrev  0x00000000000014a8      0x199 Output/Release/Obj/i2s_pca10056/nrf_atomic.o
 .debug_abbrev  0x0000000000001641      0x1fc Output/Release/Obj/i2s_pca10056/nrf_balloc.o
 .debug_abbrev  0x000000000000183d      0x146 Output/Release/Obj/i2s_pca10056/nrf_fprintf.o
 .debug_abbrev  0x0000000000001983      0x2e2 Output/Release/Obj/i2s_pca10056/nrf_fprintf_format.o
 .debug_abbrev  0x0000000000001c65      0x1ff Output/Release/Obj/i2s_pca10056/nrf_memobj.o
 .debug_abbrev  0x0000000000001e64      0x22d Output/Release/Obj/i2s_pca10056/nrf_drv_uart.o
 .debug_abbrev  0x0000000000002091      0x47a Output/Release/Obj/i2s_pca10056/nrfx_i2s.o
 .debug_abbrev  0x000000000000250b      0x294 Output/Release/Obj/i2s_pca10056/nrfx_prs.o
 .debug_abbrev  0x000000000000279f      0x57a Output/Release/Obj/i2s_pca10056/nrfx_uart.o
 .debug_abbrev  0x0000000000002d19      0x4e7 Output/Release/Obj/i2s_pca10056/nrfx_uarte.o
 .debug_abbrev  0x0000000000003200      0x130 Output/Release/Obj/i2s_pca10056/main.o
 .debug_abbrev  0x0000000000003330       0x14 Output/Release/Obj/i2s_pca10056/ses_startup_nrf52840.o
 .debug_abbrev  0x0000000000003344       0x14 Output/Release/Obj/i2s_pca10056/ses_startup_nrf_common.o
 .debug_abbrev  0x0000000000003358      0x313 Output/Release/Obj/i2s_pca10056/system_nrf52840.o

.debug_aranges  0x0000000000000000      0x6e8
 .debug_aranges
                0x0000000000000000       0x98 Output/Release/Obj/i2s_pca10056/thumb_crt0.o
 .debug_aranges
                0x0000000000000098       0x20 Output/Release/Obj/i2s_pca10056/nrf_log_backend_serial.o
 .debug_aranges
                0x00000000000000b8       0x50 Output/Release/Obj/i2s_pca10056/nrf_log_backend_uart.o
 .debug_aranges
                0x0000000000000108       0x20 Output/Release/Obj/i2s_pca10056/nrf_log_default_backends.o
 .debug_aranges
                0x0000000000000128       0xd8 Output/Release/Obj/i2s_pca10056/nrf_log_frontend.o
 .debug_aranges
                0x0000000000000200       0x40 Output/Release/Obj/i2s_pca10056/nrf_log_str_formatter.o
 .debug_aranges
                0x0000000000000240       0x28 Output/Release/Obj/i2s_pca10056/app_error.o
 .debug_aranges
                0x0000000000000268       0x20 Output/Release/Obj/i2s_pca10056/app_error_weak.o
 .debug_aranges
                0x0000000000000288       0x48 Output/Release/Obj/i2s_pca10056/app_util_platform.o
 .debug_aranges
                0x00000000000002d0       0xb0 Output/Release/Obj/i2s_pca10056/nrf_atomic.o
 .debug_aranges
                0x0000000000000380       0x30 Output/Release/Obj/i2s_pca10056/nrf_balloc.o
 .debug_aranges
                0x00000000000003b0       0x28 Output/Release/Obj/i2s_pca10056/nrf_fprintf.o
 .debug_aranges
                0x00000000000003d8       0x30 Output/Release/Obj/i2s_pca10056/nrf_fprintf_format.o
 .debug_aranges
                0x0000000000000408       0x58 Output/Release/Obj/i2s_pca10056/nrf_memobj.o
 .debug_aranges
                0x0000000000000460       0x30 Output/Release/Obj/i2s_pca10056/nrf_drv_uart.o
 .debug_aranges
                0x0000000000000490       0x58 Output/Release/Obj/i2s_pca10056/nrfx_i2s.o
 .debug_aranges
                0x00000000000004e8       0x30 Output/Release/Obj/i2s_pca10056/nrfx_prs.o
 .debug_aranges
                0x0000000000000518       0xa8 Output/Release/Obj/i2s_pca10056/nrfx_uart.o
 .debug_aranges
                0x00000000000005c0       0x80 Output/Release/Obj/i2s_pca10056/nrfx_uarte.o
 .debug_aranges
                0x0000000000000640       0x20 Output/Release/Obj/i2s_pca10056/main.o
 .debug_aranges
                0x0000000000000660       0x20 Output/Release/Obj/i2s_pca10056/ses_startup_nrf52840.o
 .debug_aranges
                0x0000000000000680       0x20 Output/Release/Obj/i2s_pca10056/ses_startup_nrf_common.o
 .debug_aranges
                0x00000000000006a0       0x48 Output/Release/Obj/i2s_pca10056/system_nrf52840.o

.debug_str      0x0000000000000000    0x95a80
 .debug_str     0x0000000000000000       0xb5 Output/Release/Obj/i2s_pca10056/thumb_crt0.o
 .debug_str     0x00000000000000b5    0x83471 Output/Release/Obj/i2s_pca10056/nrf_log_backend_serial.o
                                      0x847bf (size before relaxing)
 .debug_str     0x0000000000083526     0x445a Output/Release/Obj/i2s_pca10056/nrf_log_backend_uart.o
                                      0x8868e (size before relaxing)
 .debug_str     0x0000000000087980      0x136 Output/Release/Obj/i2s_pca10056/nrf_log_default_backends.o
                                      0x84562 (size before relaxing)
 .debug_str     0x0000000000087ab6     0x14d1 Output/Release/Obj/i2s_pca10056/nrf_log_frontend.o
                                      0x85b75 (size before relaxing)
 .debug_str     0x0000000000088f87      0x304 Output/Release/Obj/i2s_pca10056/nrf_log_str_formatter.o
                                      0x84880 (size before relaxing)
 .debug_str     0x000000000008928b      0x13b Output/Release/Obj/i2s_pca10056/app_error.o
                                      0x7665a (size before relaxing)
 .debug_str     0x00000000000893c6       0xdc Output/Release/Obj/i2s_pca10056/app_error_weak.o
                                      0x84c30 (size before relaxing)
 .debug_str     0x00000000000894a2      0x405 Output/Release/Obj/i2s_pca10056/app_util_platform.o
                                      0x76eb4 (size before relaxing)
 .debug_str     0x00000000000898a7      0x6d9 Output/Release/Obj/i2s_pca10056/nrf_atomic.o
                                      0x80e6e (size before relaxing)
 .debug_str     0x0000000000089f80      0x159 Output/Release/Obj/i2s_pca10056/nrf_balloc.o
                                      0x845dd (size before relaxing)
 .debug_str     0x000000000008a0d9      0x11c Output/Release/Obj/i2s_pca10056/nrf_fprintf.o
                                      0x809ff (size before relaxing)
 .debug_str     0x000000000008a1f5      0x52b Output/Release/Obj/i2s_pca10056/nrf_fprintf_format.o
                                      0x80ef9 (size before relaxing)
 .debug_str     0x000000000008a720      0x1c6 Output/Release/Obj/i2s_pca10056/nrf_memobj.o
                                      0x8296b (size before relaxing)
 .debug_str     0x000000000008a8e6      0x498 Output/Release/Obj/i2s_pca10056/nrf_drv_uart.o
                                      0x850d7 (size before relaxing)
 .debug_str     0x000000000008ad7e     0x1337 Output/Release/Obj/i2s_pca10056/nrfx_i2s.o
                                      0x881a1 (size before relaxing)
 .debug_str     0x000000000008c0b5      0x340 Output/Release/Obj/i2s_pca10056/nrfx_prs.o
                                      0x8724e (size before relaxing)
 .debug_str     0x000000000008c3f5      0x6e1 Output/Release/Obj/i2s_pca10056/nrfx_uart.o
                                      0x8845a (size before relaxing)
 .debug_str     0x000000000008cad6      0x94a Output/Release/Obj/i2s_pca10056/nrfx_uarte.o
                                      0x888ed (size before relaxing)
 .debug_str     0x000000000008d420       0xdd Output/Release/Obj/i2s_pca10056/main.o
                                      0x83f24 (size before relaxing)
 .debug_str     0x000000000008d4fd       0x54 Output/Release/Obj/i2s_pca10056/ses_startup_nrf52840.o
                                         0xb9 (size before relaxing)
 .debug_str     0x000000000008d551       0x56 Output/Release/Obj/i2s_pca10056/ses_startup_nrf_common.o
                                         0xbb (size before relaxing)
 .debug_str     0x000000000008d5a7     0x84d9 Output/Release/Obj/i2s_pca10056/system_nrf52840.o
                                      0x7e1ba (size before relaxing)

.debug_ranges   0x0000000000000000     0x1298
 .debug_ranges  0x0000000000000000       0x90 Output/Release/Obj/i2s_pca10056/thumb_crt0.o
 .debug_ranges  0x0000000000000090       0x28 Output/Release/Obj/i2s_pca10056/nrf_log_backend_serial.o
 .debug_ranges  0x00000000000000b8       0x88 Output/Release/Obj/i2s_pca10056/nrf_log_backend_uart.o
 .debug_ranges  0x0000000000000140       0x10 Output/Release/Obj/i2s_pca10056/nrf_log_default_backends.o
 .debug_ranges  0x0000000000000150      0x308 Output/Release/Obj/i2s_pca10056/nrf_log_frontend.o
 .debug_ranges  0x0000000000000458       0x50 Output/Release/Obj/i2s_pca10056/nrf_log_str_formatter.o
 .debug_ranges  0x00000000000004a8       0x18 Output/Release/Obj/i2s_pca10056/app_error.o
 .debug_ranges  0x00000000000004c0       0x28 Output/Release/Obj/i2s_pca10056/app_error_weak.o
 .debug_ranges  0x00000000000004e8       0x38 Output/Release/Obj/i2s_pca10056/app_util_platform.o
 .debug_ranges  0x0000000000000520      0x208 Output/Release/Obj/i2s_pca10056/nrf_atomic.o
 .debug_ranges  0x0000000000000728       0x20 Output/Release/Obj/i2s_pca10056/nrf_balloc.o
 .debug_ranges  0x0000000000000748       0x18 Output/Release/Obj/i2s_pca10056/nrf_fprintf.o
 .debug_ranges  0x0000000000000760       0x60 Output/Release/Obj/i2s_pca10056/nrf_fprintf_format.o
 .debug_ranges  0x00000000000007c0       0x48 Output/Release/Obj/i2s_pca10056/nrf_memobj.o
 .debug_ranges  0x0000000000000808       0x20 Output/Release/Obj/i2s_pca10056/nrf_drv_uart.o
 .debug_ranges  0x0000000000000828      0x178 Output/Release/Obj/i2s_pca10056/nrfx_i2s.o
 .debug_ranges  0x00000000000009a0       0x40 Output/Release/Obj/i2s_pca10056/nrfx_prs.o
 .debug_ranges  0x00000000000009e0      0x460 Output/Release/Obj/i2s_pca10056/nrfx_uart.o
 .debug_ranges  0x0000000000000e40      0x3f0 Output/Release/Obj/i2s_pca10056/nrfx_uarte.o
 .debug_ranges  0x0000000000001230       0x10 Output/Release/Obj/i2s_pca10056/main.o
 .debug_ranges  0x0000000000001240       0x58 Output/Release/Obj/i2s_pca10056/system_nrf52840.o

.debug_frame    0x0000000000000000     0x1194
 .debug_frame   0x0000000000000000       0x48 Output/Release/Obj/i2s_pca10056/nrf_log_backend_serial.o
 .debug_frame   0x0000000000000048       0xdc Output/Release/Obj/i2s_pca10056/nrf_log_backend_uart.o
 .debug_frame   0x0000000000000124       0x2c Output/Release/Obj/i2s_pca10056/nrf_log_default_backends.o
 .debug_frame   0x0000000000000150      0x304 Output/Release/Obj/i2s_pca10056/nrf_log_frontend.o
 .debug_frame   0x0000000000000454      0x114 Output/Release/Obj/i2s_pca10056/nrf_log_str_formatter.o
 .debug_frame   0x0000000000000568       0x58 Output/Release/Obj/i2s_pca10056/app_error.o
 .debug_frame   0x00000000000005c0       0x30 Output/Release/Obj/i2s_pca10056/app_error_weak.o
 .debug_frame   0x00000000000005f0       0x70 Output/Release/Obj/i2s_pca10056/app_util_platform.o
 .debug_frame   0x0000000000000660      0x1f8 Output/Release/Obj/i2s_pca10056/nrf_atomic.o
 .debug_frame   0x0000000000000858       0x78 Output/Release/Obj/i2s_pca10056/nrf_balloc.o
 .debug_frame   0x00000000000008d0       0x6c Output/Release/Obj/i2s_pca10056/nrf_fprintf.o
 .debug_frame   0x000000000000093c       0xc0 Output/Release/Obj/i2s_pca10056/nrf_fprintf_format.o
 .debug_frame   0x00000000000009fc      0x114 Output/Release/Obj/i2s_pca10056/nrf_memobj.o
 .debug_frame   0x0000000000000b10       0x88 Output/Release/Obj/i2s_pca10056/nrf_drv_uart.o
 .debug_frame   0x0000000000000b98      0x120 Output/Release/Obj/i2s_pca10056/nrfx_i2s.o
 .debug_frame   0x0000000000000cb8       0x50 Output/Release/Obj/i2s_pca10056/nrfx_prs.o
 .debug_frame   0x0000000000000d08      0x240 Output/Release/Obj/i2s_pca10056/nrfx_uart.o
 .debug_frame   0x0000000000000f48      0x190 Output/Release/Obj/i2s_pca10056/nrfx_uarte.o
 .debug_frame   0x00000000000010d8       0x40 Output/Release/Obj/i2s_pca10056/main.o
 .debug_frame   0x0000000000001118       0x7c Output/Release/Obj/i2s_pca10056/system_nrf52840.o

.debug_loc      0x0000000000000000     0x76c2
 .debug_loc     0x0000000000000000      0x186 Output/Release/Obj/i2s_pca10056/nrf_log_backend_serial.o
 .debug_loc     0x0000000000000186      0x2a6 Output/Release/Obj/i2s_pca10056/nrf_log_backend_uart.o
 .debug_loc     0x000000000000042c       0x31 Output/Release/Obj/i2s_pca10056/nrf_log_default_backends.o
 .debug_loc     0x000000000000045d     0x17b3 Output/Release/Obj/i2s_pca10056/nrf_log_frontend.o
 .debug_loc     0x0000000000001c10      0x372 Output/Release/Obj/i2s_pca10056/nrf_log_str_formatter.o
 .debug_loc     0x0000000000001f82       0xcd Output/Release/Obj/i2s_pca10056/app_error.o
 .debug_loc     0x000000000000204f       0x6f Output/Release/Obj/i2s_pca10056/app_error_weak.o
 .debug_loc     0x00000000000020be       0xda Output/Release/Obj/i2s_pca10056/app_util_platform.o
 .debug_loc     0x0000000000002198      0x45f Output/Release/Obj/i2s_pca10056/nrf_atomic.o
 .debug_loc     0x00000000000025f7      0x1c4 Output/Release/Obj/i2s_pca10056/nrf_balloc.o
 .debug_loc     0x00000000000027bb       0x47 Output/Release/Obj/i2s_pca10056/nrf_fprintf.o
 .debug_loc     0x0000000000002802      0xa67 Output/Release/Obj/i2s_pca10056/nrf_fprintf_format.o
 .debug_loc     0x0000000000003269      0x8b3 Output/Release/Obj/i2s_pca10056/nrf_memobj.o
 .debug_loc     0x0000000000003b1c      0x1b6 Output/Release/Obj/i2s_pca10056/nrf_drv_uart.o
 .debug_loc     0x0000000000003cd2      0xa96 Output/Release/Obj/i2s_pca10056/nrfx_i2s.o
 .debug_loc     0x0000000000004768       0xff Output/Release/Obj/i2s_pca10056/nrfx_prs.o
 .debug_loc     0x0000000000004867     0x161c Output/Release/Obj/i2s_pca10056/nrfx_uart.o
 .debug_loc     0x0000000000005e83     0x177d Output/Release/Obj/i2s_pca10056/nrfx_uarte.o
 .debug_loc     0x0000000000007600       0xc2 Output/Release/Obj/i2s_pca10056/system_nrf52840.o

.debug_pubnames
                0x0000000000000000     0x3ab9
 .debug_pubnames
                0x0000000000000000       0x31 Output/Release/Obj/i2s_pca10056/nrf_log_backend_serial.o
 .debug_pubnames
                0x0000000000000031      0x1e4 Output/Release/Obj/i2s_pca10056/nrf_log_backend_uart.o
 .debug_pubnames
                0x0000000000000215      0x12d Output/Release/Obj/i2s_pca10056/nrf_log_default_backends.o
 .debug_pubnames
                0x0000000000000342      0x5da Output/Release/Obj/i2s_pca10056/nrf_log_frontend.o
 .debug_pubnames
                0x000000000000091c      0x1bd Output/Release/Obj/i2s_pca10056/nrf_log_str_formatter.o
 .debug_pubnames
                0x0000000000000ad9       0x6c Output/Release/Obj/i2s_pca10056/app_error.o
 .debug_pubnames
                0x0000000000000b45      0x106 Output/Release/Obj/i2s_pca10056/app_error_weak.o
 .debug_pubnames
                0x0000000000000c4b      0x223 Output/Release/Obj/i2s_pca10056/app_util_platform.o
 .debug_pubnames
                0x0000000000000e6e      0x233 Output/Release/Obj/i2s_pca10056/nrf_atomic.o
 .debug_pubnames
                0x00000000000010a1      0x126 Output/Release/Obj/i2s_pca10056/nrf_balloc.o
 .debug_pubnames
                0x00000000000011c7       0x3f Output/Release/Obj/i2s_pca10056/nrf_fprintf.o
 .debug_pubnames
                0x0000000000001206       0x67 Output/Release/Obj/i2s_pca10056/nrf_fprintf_format.o
 .debug_pubnames
                0x000000000000126d       0xb1 Output/Release/Obj/i2s_pca10056/nrf_memobj.o
 .debug_pubnames
                0x000000000000131e       0xcb Output/Release/Obj/i2s_pca10056/nrf_drv_uart.o
 .debug_pubnames
                0x00000000000013e9      0xcdd Output/Release/Obj/i2s_pca10056/nrfx_i2s.o
 .debug_pubnames
                0x00000000000020c6      0x13f Output/Release/Obj/i2s_pca10056/nrfx_prs.o
 .debug_pubnames
                0x0000000000002205      0xac8 Output/Release/Obj/i2s_pca10056/nrfx_uart.o
 .debug_pubnames
                0x0000000000002ccd      0xc79 Output/Release/Obj/i2s_pca10056/nrfx_uarte.o
 .debug_pubnames
                0x0000000000003946       0x1b Output/Release/Obj/i2s_pca10056/main.o
 .debug_pubnames
                0x0000000000003961      0x158 Output/Release/Obj/i2s_pca10056/system_nrf52840.o

.debug_pubtypes
                0x0000000000000000     0x29ad
 .debug_pubtypes
                0x0000000000000000      0x287 Output/Release/Obj/i2s_pca10056/nrf_log_backend_serial.o
 .debug_pubtypes
                0x0000000000000287      0x2f6 Output/Release/Obj/i2s_pca10056/nrf_log_backend_uart.o
 .debug_pubtypes
                0x000000000000057d      0x178 Output/Release/Obj/i2s_pca10056/nrf_log_default_backends.o
 .debug_pubtypes
                0x00000000000006f5      0x33e Output/Release/Obj/i2s_pca10056/nrf_log_frontend.o
 .debug_pubtypes
                0x0000000000000a33      0x181 Output/Release/Obj/i2s_pca10056/nrf_log_str_formatter.o
 .debug_pubtypes
                0x0000000000000bb4      0x10a Output/Release/Obj/i2s_pca10056/app_error.o
 .debug_pubtypes
                0x0000000000000cbe      0x13f Output/Release/Obj/i2s_pca10056/app_error_weak.o
 .debug_pubtypes
                0x0000000000000dfd      0x110 Output/Release/Obj/i2s_pca10056/app_util_platform.o
 .debug_pubtypes
                0x0000000000000f0d      0x107 Output/Release/Obj/i2s_pca10056/nrf_atomic.o
 .debug_pubtypes
                0x0000000000001014      0x12a Output/Release/Obj/i2s_pca10056/nrf_balloc.o
 .debug_pubtypes
                0x000000000000113e      0x15c Output/Release/Obj/i2s_pca10056/nrf_fprintf.o
 .debug_pubtypes
                0x000000000000129a      0x175 Output/Release/Obj/i2s_pca10056/nrf_fprintf_format.o
 .debug_pubtypes
                0x000000000000140f      0x1f3 Output/Release/Obj/i2s_pca10056/nrf_memobj.o
 .debug_pubtypes
                0x0000000000001602      0x3d8 Output/Release/Obj/i2s_pca10056/nrf_drv_uart.o
 .debug_pubtypes
                0x00000000000019da      0x3a2 Output/Release/Obj/i2s_pca10056/nrfx_i2s.o
 .debug_pubtypes
                0x0000000000001d7c      0x1bc Output/Release/Obj/i2s_pca10056/nrfx_prs.o
 .debug_pubtypes
                0x0000000000001f38      0x392 Output/Release/Obj/i2s_pca10056/nrfx_uart.o
 .debug_pubtypes
                0x00000000000022ca      0x3c7 Output/Release/Obj/i2s_pca10056/nrfx_uarte.o
 .debug_pubtypes
                0x0000000000002691      0x14a Output/Release/Obj/i2s_pca10056/main.o
 .debug_pubtypes
                0x00000000000027db      0x1d2 Output/Release/Obj/i2s_pca10056/system_nrf52840.o

.debug_macro    0x0000000000000000     0x57fd
 .debug_macro   0x0000000000000000      0x276 Output/Release/Obj/i2s_pca10056/nrf_log_backend_serial.o
 .debug_macro   0x0000000000000276       0x22 Output/Release/Obj/i2s_pca10056/nrf_log_backend_serial.o
 .debug_macro   0x0000000000000298       0x72 Output/Release/Obj/i2s_pca10056/nrf_log_backend_serial.o
 .debug_macro   0x000000000000030a       0x49 Output/Release/Obj/i2s_pca10056/nrf_log_backend_serial.o
 .debug_macro   0x0000000000000353       0x8c Output/Release/Obj/i2s_pca10056/nrf_log_backend_serial.o